Running phase: unpackPhase
@nix { "action": "setPhase", "phase": "unpackPhase" }
unpacking source archive /nix/store/ynd41bmb9hc4wdfiyldmai8db20767sk-source
source root is source
Executing cargoSetupPostUnpackHook
Finished cargoSetupPostUnpackHook
Running phase: patchPhase
@nix { "action": "setPhase", "phase": "patchPhase" }
Executing cargoSetupPostPatchHook
Validating consistency between /nix/var/nix/builds/nix-12108-1486000787/source/Cargo.lock and /nix/var/nix/builds/nix-12108-1486000787/tree-sitter-0.25.10-vendor/Cargo.lock
6,7c6,13
< name = "addr2line"
< version = "0.24.2"
---
> name = "adler2"
> version = "2.0.0"
> source = "registry+https://github.com/rust-lang/crates.io-index"
> checksum = "512761e0bb2578dd7380c6baaa0f4ce03e84f95e960231d1dec8bf4d7d6e2627"
> 
> [[package]]
> name = "ahash"
> version = "0.8.12"
9c15
< checksum = "dfbe277e56a376000877090da837660b4427aad530e3028d44e0bffe4f89a1c1"
---
> checksum = "5a15f179cd60c4584b8a8c596927aadc462e27f2ca70c04e0071964a73ba7a75"
11c17,20
<  "gimli",
---
>  "cfg-if",
>  "once_cell",
>  "version_check",
>  "zerocopy 0.8.27",
16c25
< version = "1.1.4"
---
> version = "1.1.3"
18c27
< checksum = "ddd31a130427c27518df266943a5308ed92d4b226cc639f5a8f1002816174301"
---
> checksum = "8e60d3430d3a69478ad0993f19238d2df97c507009a52b3c10addcd7f6bcb916"
40c49
< version = "0.6.21"
---
> version = "0.6.18"
42c51
< checksum = "43d5b281e737544384e969a5ccad3f1cdd24b48086a0fc1b2a5262a26b8f4f4a"
---
> checksum = "8acc5369981196006228e28809f761875c0327210a891e941f4c683b3a99529b"
55c64
< version = "1.0.13"
---
> version = "1.0.10"
57c66
< checksum = "5192cca8006f1fd4f7237516f40fa183bb07f8fbdfedaa0036de5ea9b0b45e78"
---
> checksum = "55cc3b69f167a1ef2e161439aa98aed94e6028e5f9a59be9a6ffb47aef1651f9"
61c70
< version = "0.2.7"
---
> version = "0.2.6"
63c72
< checksum = "4e7644824f0aa2c7b9384579234ef10eb7efb6a0deb83f9630a49594dd9c15c2"
---
> checksum = "3b2d16507662817a6a20a9ea92df6652ee4f94f914589377d69f3b21bc5798a9"
70c79
< version = "1.1.5"
---
> version = "1.1.2"
72c81
< checksum = "40c48f72fd53cd289104fc64099abca73db4166ad86ea0b4341abe65af83dadc"
---
> checksum = "79947af37f4177cfead1110013d678905c37501914fba0efea834c3fe9a8d60c"
74c83
<  "windows-sys 0.61.2",
---
>  "windows-sys 0.59.0",
79c88
< version = "3.0.11"
---
> version = "3.0.7"
81c90
< checksum = "291e6a250ff86cd4a820112fb8898808a366d8f9f58ce16d1f538353ad55747d"
---
> checksum = "ca3534e77181a9cc07539ad51f2141fe32f6c3ffd4df76db8ad92346b003ae4e"
84,85c93,94
<  "once_cell_polyfill",
<  "windows-sys 0.61.2",
---
>  "once_cell",
>  "windows-sys 0.59.0",
90c99
< version = "1.0.100"
---
> version = "1.0.95"
92,101c101
< checksum = "a23eb6b1614318a8071c9b2521f36b424b2c83db5eb3a0fead4a6c0809af6e61"
< 
< [[package]]
< name = "ar_archive_writer"
< version = "0.2.0"
< source = "registry+https://github.com/rust-lang/crates.io-index"
< checksum = "f0c269894b6fe5e9d7ada0cf69b5bf847ff35bc25fc271f08e1d080fce80339a"
< dependencies = [
<  "object 0.32.2",
< ]
---
> checksum = "34ac096ce696dc2fcabef30516bb13c0a68a11d30131d3df6f04711467681b04"
105c105
< version = "1.4.2"
---
> version = "1.4.1"
107c107
< checksum = "c3d036a3c4ab069c7b410a2ce876bd74808d2d0888a82667669f8e783a898bf1"
---
> checksum = "dde20b3d026af13f561bdd0f15edf01fc734f0dafcedbaf42bba506a9517f223"
115a116,121
> name = "base64"
> version = "0.22.1"
> source = "registry+https://github.com/rust-lang/crates.io-index"
> checksum = "72b3254f16251a8381aa12e40e3c4d2f0199f8c6508fbecb9d91f575e0fbb8c6"
> 
> [[package]]
117c123
< version = "0.72.1"
---
> version = "0.71.1"
119c125
< checksum = "993776b509cfb49c750f11b8f07a46fa23e0a1386ffc01fb1e7d343efc387895"
---
> checksum = "5f58bf3d7db68cfbac37cfc485a8d711e87e064c3d0fe0435b92f7a407f9d6b3"
121c127
<  "bitflags 2.10.0",
---
>  "bitflags 2.8.0",
143c149
< version = "2.10.0"
---
> version = "2.8.0"
145c151
< checksum = "812e12b5285cc515a9c72a5c1d3b6d46a19dac5acfef5265968c166106e31dd3"
---
> checksum = "8f68f53c83ab957f72c32642f3868eec03eb974d1fb82e453128456482613d36"
149c155
< version = "0.6.2"
---
> version = "0.5.1"
151c157
< checksum = "cdeb9d870516001442e364c5220d3574d2da8dc765554b4a617230d33fa58ef5"
---
> checksum = "2c132eebf10f5cad5289222520a4a058514204aed6d791f1cf4fe8088b82d15f"
158c164
< version = "1.12.1"
---
> version = "1.11.3"
160c166
< checksum = "63044e1ae8e69f3b5a92c736ca6269b8d12fa7efe39bf34ddb06d102cf0e2cab"
---
> checksum = "531a9155a481e2ee699d4f98f43c0ca4ff8ee1bfd55c31e9e98fb29d2b176fe0"
169c175
< version = "3.19.0"
---
> version = "3.16.0"
171c177
< checksum = "46c5e41b57b8bba42a04676d81cb89e9ee8e859a1a66f80a5a72e1cb76b34d43"
---
> checksum = "79296716171880943b8470b5f8d03aa55eb2e645a4874bdbb28adb49162e012c"
178c184,190
< version = "1.24.0"
---
> version = "1.21.0"
> source = "registry+https://github.com/rust-lang/crates.io-index"
> checksum = "ef657dfab802224e671f5818e9a4935f9b1957ed18e58292690cc39e7a4092a3"
> 
> [[package]]
> name = "byteorder"
> version = "1.5.0"
180c192
< checksum = "1fbdf580320f38b612e485521afda1ee26d10cc9884efaaa750d383e13e3c5f4"
---
> checksum = "1fd0f2584146f6f2ef48085050886acf353beff7305ebd1ae69500e27c67f64b"
184c196
< version = "1.11.0"
---
> version = "1.9.0"
186c198
< checksum = "b35204fbdc0b3f4446b89fc1ac2cf84a8a68971995d0bf2e925ec7cd960f9cb3"
---
> checksum = "325918d6fe32f23b19878fe4b34794ae41fc19ddbe53b10571a4874d44ffd39b"
190c202
< version = "1.2.48"
---
> version = "1.2.10"
192c204
< checksum = "c481bdbf0ed3b892f6f806287d72acd515b352a4ec27a208489b8c1bc839633a"
---
> checksum = "13208fcbb66eaeffe09b99fffbe1af420f00a7b35aa99ad683dfc1aa76145229"
194c206,207
<  "find-msvc-tools",
---
>  "jobserver",
>  "libc",
215c228
< version = "1.0.4"
---
> version = "1.0.0"
217c230
< checksum = "9330f8b2ff13f34540b44e946ef35111825727b38d33286ef986142615121801"
---
> checksum = "baf1de4339761588bc0619e3cbc0120ee582ebb74b53b4efbf79117bd2da40fd"
239c252
<  "libloading 0.8.9",
---
>  "libloading",
244c257
< version = "4.5.53"
---
> version = "4.5.27"
246c259
< checksum = "c9e340e012a1bf4935f5282ed1436d1489548e8f72308207ea5df0e23d2d03f8"
---
> checksum = "769b0145982b4b48713e01ec42d61614425f27b7058bda7180a3a41f30104796"
254c267
< version = "4.5.53"
---
> version = "4.5.27"
256c269
< checksum = "d76b5d13eaa18c901fd2f7fca939fefe3a0727a953561fefdf3b2922b8569d00"
---
> checksum = "1b26884eb4b57140e4d2d93652abfa49498b938b3c9179f9fc487b0acc3edad7"
266c279
< version = "4.5.61"
---
> version = "4.5.42"
268c281
< checksum = "39615915e2ece2550c0149addac32fb5bd312c657f43845bb9088cb9c8a7c992"
---
> checksum = "33a7e468e750fa4b6be660e8b5651ad47372e8fb114030b594c2d75d48c5ffd0"
275c288
< version = "4.5.10"
---
> version = "4.5.5"
277c290
< checksum = "685bc86fd34b7467e0532a4f8435ab107960d69a243785ef0275e571b35b641a"
---
> checksum = "c6a8b1593457dfc2fe539002b795710d022dc62a65bf15023f039f9760c7b18a"
285c298
< version = "4.5.49"
---
> version = "4.5.24"
287c300
< checksum = "2a0b5487afeab2deb2ff4e03a807ad1a03ac532ff5a2cee5d86884440c7f7671"
---
> checksum = "54b755194d6389280185988721fffba69495eed5ee9feeee9a599b53db80318c"
297c310
< version = "0.7.6"
---
> version = "0.7.4"
299c312
< checksum = "a1d728cc89cf3aee9ff92b05e62b19ee65a02b5702cff7d5a377e32c6ae29d8d"
---
> checksum = "f46ad14479a25103f283c0f10005961cf086d8dc42205bb44c46ac563475dca6"
303c316
< version = "0.3.0"
---
> version = "0.2.3"
305,308c318
< checksum = "0fa961b519f0b462e3a3b4a34b64d119eeaca1d59af726fe450bbba07a9fc0a1"
< dependencies = [
<  "thiserror 2.0.17",
< ]
---
> checksum = "67ba02a97a2bd10f4b59b25c7973101c79642302776489e030cd13cdab09ed15"
312c322
< version = "1.0.4"
---
> version = "1.0.3"
314c324
< checksum = "b05b61dc5112cbb17e4b6cd61790d9845d13888356391624cbe7e41efeac1e75"
---
> checksum = "5b63caa9aa9397e2d9480a9b13673856c78d8ac123288526c37d7839f2a86990"
328c338
< version = "0.15.11"
---
> version = "0.15.10"
330c340
< checksum = "054ccb5b10f9f2cbf51eb355ca1d05c2d279ce1804688d0db74b4733a5aeafd8"
---
> checksum = "ea3c6ecd8059b57859df5c69830340ed3c41d30e3da0c1cbed90a96ac853041b"
340,341c350,362
< name = "convert_case"
< version = "0.8.0"
---
> name = "cookie"
> version = "0.18.1"
> source = "registry+https://github.com/rust-lang/crates.io-index"
> checksum = "4ddef33a339a91ea89fb53151bd0a4689cfce27055c291dfa69945475d22c747"
> dependencies = [
>  "percent-encoding",
>  "time",
>  "version_check",
> ]
> 
> [[package]]
> name = "cookie_store"
> version = "0.21.1"
343c364
< checksum = "baaaa0ecca5b51987b9423ccdc971514dd8b0bb7b4060b983d3664dad3f1f89f"
---
> checksum = "2eac901828f88a5241ee0600950ab981148a18f2f756900ffba1b125ca6a3ef9"
345c366,375
<  "unicode-segmentation",
---
>  "cookie",
>  "document-features",
>  "idna",
>  "indexmap",
>  "log",
>  "serde",
>  "serde_derive",
>  "serde_json",
>  "time",
>  "url",
350c380
< version = "0.10.1"
---
> version = "0.10.0"
352c382
< checksum = "b2a6cd9ae233e7f62ba4e9353e81a88df7fc8a5987b8d445b4d90c879bd156f6"
---
> checksum = "b55271e5c8c478ad3f38ad24ef34923091e0548492a266d19b3c0b4d82574c63"
365,382d394
< name = "cranelift-assembler-x64"
< version = "0.120.2"
< source = "registry+https://github.com/rust-lang/crates.io-index"
< checksum = "a5023e06632d8f351c2891793ccccfe4aef957954904392434038745fb6f1f68"
< dependencies = [
<  "cranelift-assembler-x64-meta",
< ]
< 
< [[package]]
< name = "cranelift-assembler-x64-meta"
< version = "0.120.2"
< source = "registry+https://github.com/rust-lang/crates.io-index"
< checksum = "b1c4012b4c8c1f6eb05c0a0a540e3e1ee992631af51aa2bbb3e712903ce4fd65"
< dependencies = [
<  "cranelift-srcgen",
< ]
< 
< [[package]]
384c396
< version = "0.120.2"
---
> version = "0.116.1"
386c398
< checksum = "4d6d883b4942ef3a7104096b8bc6f2d1a41393f159ac8de12aed27b25d67f895"
---
> checksum = "e15d04a0ce86cb36ead88ad68cf693ffd6cda47052b9e0ac114bc47fd9cd23c4"
393c405
< version = "0.120.2"
---
> version = "0.116.1"
395c407
< checksum = "db7b2ee9eec6ca8a716d900d5264d678fb2c290c58c46c8da7f94ee268175d17"
---
> checksum = "7c6e3969a7ce267259ce244b7867c5d3bc9e65b0a87e81039588dfdeaede9f34"
403c415
< version = "0.120.2"
---
> version = "0.116.1"
405c417
< checksum = "aeda0892577afdce1ac2e9a983a55f8c5b87a59334e1f79d8f735a2d7ba4f4b4"
---
> checksum = "2c22032c4cb42558371cf516bb47f26cdad1819d3475c133e93c49f50ebf304e"
408d419
<  "cranelift-assembler-x64",
417c428
<  "hashbrown 0.15.5",
---
>  "hashbrown 0.14.5",
419d429
<  "pulley-interpreter",
429c439
< version = "0.120.2"
---
> version = "0.116.1"
431c441
< checksum = "e461480d87f920c2787422463313326f67664e68108c14788ba1676f5edfcd15"
---
> checksum = "c904bc71c61b27fc57827f4a1379f29de64fe95653b620a3db77d59655eee0b8"
433d442
<  "cranelift-assembler-x64-meta",
435,436d443
<  "cranelift-srcgen",
<  "pulley-interpreter",
441c448
< version = "0.120.2"
---
> version = "0.116.1"
443c450
< checksum = "976584d09f200c6c84c4b9ff7af64fc9ad0cb64dffa5780991edd3fe143a30a1"
---
> checksum = "40180f5497572f644ce88c255480981ae2ec1d7bb4d8e0c0136a13b87a2f2ceb"
447c454
< version = "0.120.2"
---
> version = "0.116.1"
449c456
< checksum = "46d43d70f4e17c545aa88dbf4c84d4200755d27c6e3272ebe4de65802fa6a955"
---
> checksum = "26d132c6d0bd8a489563472afc171759da0707804a65ece7ceb15a8c6d7dd5ef"
456c463
< version = "0.120.2"
---
> version = "0.116.1"
458c465
< checksum = "d75418674520cb400c8772bfd6e11a62736c78fc1b6e418195696841d1bf91f1"
---
> checksum = "4b2d0d9618275474fbf679dd018ac6e009acbd6ae6850f6a67be33fb3b00b323"
467c474
< version = "0.120.2"
---
> version = "0.116.1"
469c476
< checksum = "3c8b1a91c86687a344f3c52dd6dfb6e50db0dfa7f2e9c7711b060b3623e1fdeb"
---
> checksum = "4fac41e16729107393174b0c9e3730fb072866100e1e64e80a1a963b2e484d57"
479c486
< version = "0.120.2"
---
> version = "0.116.1"
481c488
< checksum = "711baa4e3432d4129295b39ec2b4040cc1b558874ba0a37d08e832e857db7285"
---
> checksum = "1ca20d576e5070044d0a72a9effc2deacf4d6aa650403189d8ea50126483944d"
485c492
< version = "0.120.2"
---
> version = "0.116.1"
487c494
< checksum = "41c83e8666e3bcc5ffeaf6f01f356f0e1f9dcd69ce5511a1efd7ca5722001a3f"
---
> checksum = "b8dee82f3f1f2c4cba9177f1cc5e350fe98764379bcd29340caa7b01f85076c7"
495,500d501
< name = "cranelift-srcgen"
< version = "0.120.2"
< source = "registry+https://github.com/rust-lang/crates.io-index"
< checksum = "02e3f4d783a55c64266d17dc67d2708852235732a100fc40dd9f1051adc64d7b"
< 
< [[package]]
502c503
< version = "1.5.0"
---
> version = "1.4.2"
504c505
< checksum = "9481c1c90cbf2ac953f07c8d4a58aa3945c425b7185c9154d67a65e4230da511"
---
> checksum = "a97769d94ddab943e4510d138150169a2758b5ef3eb191a9ee688de3e23ef7b3"
521c522
< version = "3.5.1"
---
> version = "3.4.5"
523c524
< checksum = "73736a89c4aff73035ba2ed2e565061954da00d4970fc9ac25dcc85a2a20d790"
---
> checksum = "90eeab0aa92f3f9b4e87f258c72b139c207d251f9cbc1080a0086b86a8870dd3"
525d525
<  "dispatch2",
527c527,536
<  "windows-sys 0.61.2",
---
>  "windows-sys 0.59.0",
> ]
> 
> [[package]]
> name = "deranged"
> version = "0.3.11"
> source = "registry+https://github.com/rust-lang/crates.io-index"
> checksum = "b42b6fa04a440b495c8b04d0e71b707c585f83cb9cb28cf8cd0d976c315e31b4"
> dependencies = [
>  "powerfmt",
551,562d559
< name = "dispatch2"
< version = "0.3.0"
< source = "registry+https://github.com/rust-lang/crates.io-index"
< checksum = "89a09f22a6c6069a18470eb92d2298acf25463f14256d24778e1230d789a2aec"
< dependencies = [
<  "bitflags 2.10.0",
<  "block2",
<  "libc",
<  "objc2",
< ]
< 
< [[package]]
574,575c571,572
< name = "dunce"
< version = "1.0.5"
---
> name = "document-features"
> version = "0.2.10"
577,583c574,577
< checksum = "92773504d58c093f6de2459af4af33faa518c13451eb8f2b5698ed3d36e7c813"
< 
< [[package]]
< name = "dyn-clone"
< version = "1.0.20"
< source = "registry+https://github.com/rust-lang/crates.io-index"
< checksum = "d0881ea181b1df73ff77ffaaf9c7544ecc11e82fba9b5f27b262a3c73a332555"
---
> checksum = "cb6969eaabd2421f8a2775cfd2471a2b634372b4a25d41e3bd647b79912850a0"
> dependencies = [
>  "litrs",
> ]
587c581
< version = "1.15.0"
---
> version = "1.13.0"
589c583
< checksum = "48c757948c5ede0e46177b7add2e67155f70e33c07fea8284df6576da70b3719"
---
> checksum = "60b1af1c220855b6ceac025d3f6ecdd2b7c4894bfe9cd9bda4fbb4bc7c0d4cf0"
620c614
< version = "1.0.2"
---
> version = "1.0.1"
622c616
< checksum = "877a4ace8713b0bcf2a4e7eec82529c029f1d0619886d18145fea96c3ffe5c0f"
---
> checksum = "5443807d6dff69373d433ab9ef5378ad8df50ca6298caf15de6e52e24aaf54d5"
626c620
< version = "0.3.14"
---
> version = "0.3.10"
628c622
< checksum = "39cab71617ae0d63f51a36d69f866391735b51691dbda63cf6f96d042b63efeb"
---
> checksum = "33d852cb9b869c2a9b3df2f71a3074817f01e1844f839a144f5fcef059a4eb5d"
631c625
<  "windows-sys 0.61.2",
---
>  "windows-sys 0.59.0",
636c630
< version = "0.11.0"
---
> version = "0.8.0"
638c632
< checksum = "de48cc4d1c1d97a20fd819def54b890cadde72ed3ad0c614822a0a433361be96"
---
> checksum = "136d1b5283a1ab77bd9257427ffd09d8667ced0570b6f938942bc7568ed5b943"
641c635,636
<  "windows-sys 0.61.2",
---
>  "home",
>  "windows-sys 0.48.0",
658c653
< version = "0.2.3"
---
> version = "0.2.2"
660c655
< checksum = "e1fc6a637b6dc58414714eddd9170ff187ecb0933d4c7024d1abbd23a3cc26e9"
---
> checksum = "6bc904b9bbefcadbd8e3a9fb0d464a9b979de6324c03b3c663e8994f46a5be36"
662c657
<  "windows-sys 0.60.2",
---
>  "windows-sys 0.52.0",
666,667c661,662
< name = "find-msvc-tools"
< version = "0.1.5"
---
> name = "filetime"
> version = "0.2.25"
669c664,670
< checksum = "3a3076410a55c90011c298b04d0cfa770b00fa04e1e3c97d3f6c9de105a03844"
---
> checksum = "35c0522e981e68cbfa8c3f978441a5f34b30b96e146b33cd3359176b50fe8586"
> dependencies = [
>  "cfg-if",
>  "libc",
>  "libredox",
>  "windows-sys 0.59.0",
> ]
672,673c673,674
< name = "fnv"
< version = "1.0.7"
---
> name = "flate2"
> version = "1.0.35"
675c676,680
< checksum = "3f9eec918d3f24069decb9af1554cad7c880e2da24a9afd88aca000531ab82c1"
---
> checksum = "c936bfdafb507ebbf50b8074c54fa31c5be9a1e7e5f467dd659697041407d07c"
> dependencies = [
>  "crc32fast",
>  "miniz_oxide",
> ]
678,679c683,684
< name = "foldhash"
< version = "0.1.5"
---
> name = "fnv"
> version = "1.0.7"
681c686
< checksum = "d9c4f5dac5e15c24eb999c26181a6ca40b39fe946cbe4c263c7209467bc83af2"
---
> checksum = "3f9eec918d3f24069decb9af1554cad7c880e2da24a9afd88aca000531ab82c1"
685c690
< version = "0.2.0"
---
> version = "0.1.4"
687c692
< checksum = "77ce24cb58228fbb8aa041425bb1050850ac19177686ea6e0f41a70416f56fdb"
---
> checksum = "a0d2fde1f7b3d48b8395d5f2de76c18a528bd6a9cdde438df747bfcba3e05d6f"
691c696
< version = "1.2.2"
---
> version = "1.2.1"
693c698
< checksum = "cb4cb245038516f5f85277875cdaa4f7d2c9a0fa0468de06ed190163b1581fcf"
---
> checksum = "e13624c2627564efccf4934284bdd98cbaa14e79b0b5a141218e507b3a823456"
704c709
<  "rustix 0.38.44",
---
>  "rustix",
728c733
< version = "0.2.16"
---
> version = "0.2.15"
730c735
< checksum = "335ff9f135e4384c8150d6f27c6daed433577f86b4750418338c01a1a2528592"
---
> checksum = "c4567c8db10ae91089c99af84c68c38da3ec2f087c3f82960bcdbf3656b6f4d7"
738,749d742
< name = "getrandom"
< version = "0.3.4"
< source = "registry+https://github.com/rust-lang/crates.io-index"
< checksum = "899def5c37c4fd7b2664648c28120ecec138e4d395b459e5ca34f9cce2dd77fd"
< dependencies = [
<  "cfg-if",
<  "libc",
<  "r-efi",
<  "wasip2",
< ]
< 
< [[package]]
760a754,768
> name = "git2"
> version = "0.20.0"
> source = "registry+https://github.com/rust-lang/crates.io-index"
> checksum = "3fda788993cc341f69012feba8bf45c0ba4f3291fcc08e214b4d5a7332d88aff"
> dependencies = [
>  "bitflags 2.8.0",
>  "libc",
>  "libgit2-sys",
>  "log",
>  "openssl-probe",
>  "openssl-sys",
>  "url",
> ]
> 
> [[package]]
762c770
< version = "0.3.3"
---
> version = "0.3.2"
764c772
< checksum = "0cc23270f6e1808e30a928bdc84dea0b9b4136a8bc82338574f23baf47bbd280"
---
> checksum = "a8d1add55171497b4705a648c6b583acafb01d58050a51727785f0b2c8e0a2b2"
768c776
< version = "0.15.5"
---
> version = "0.14.5"
770c778
< checksum = "9229cfe53dfd69f0609a49f65461bd93001ea1ef889cd5529dd176593f5338a1"
---
> checksum = "e5274423e17b7c9fc20b6e7e208532f9b19825d82dfd615708b70edd83df41f1"
772,773c780
<  "foldhash 0.1.5",
<  "serde",
---
>  "ahash",
778c785
< version = "0.16.1"
---
> version = "0.15.2"
780c787
< checksum = "841d1cc9bed7f9236f321df977030373f4a4163ae1a7dbfe1a51a2c1a51d9100"
---
> checksum = "bf151400ff0baff5465007dd2f3e717f3fe502074ca563069ce3a6629d07b289"
782,784c789,790
<  "allocator-api2",
<  "equivalent",
<  "foldhash 0.2.0",
---
>  "foldhash",
>  "serde",
793a800,808
> name = "home"
> version = "0.5.11"
> source = "registry+https://github.com/rust-lang/crates.io-index"
> checksum = "589533453244b0995c858700322199b2becb13b627df2851f64a2775d024abcf"
> dependencies = [
>  "windows-sys 0.59.0",
> ]
> 
> [[package]]
802a818,834
> name = "http"
> version = "1.2.0"
> source = "registry+https://github.com/rust-lang/crates.io-index"
> checksum = "f16ca2af56261c99fba8bac40a10251ce8188205a4c448fbb745a2e4daa76fea"
> dependencies = [
>  "bytes",
>  "fnv",
>  "itoa",
> ]
> 
> [[package]]
> name = "httparse"
> version = "1.9.5"
> source = "registry+https://github.com/rust-lang/crates.io-index"
> checksum = "7d71d3574edd2771538b901e6549113b4006ece66150fb69c0fb6d9a2adae946"
> 
> [[package]]
810c842
< version = "2.1.1"
---
> version = "1.5.0"
812c844
< checksum = "4c6b649701667bbe825c3b7e6388cb521c23d88644678e83c0c4d0a621a34b43"
---
> checksum = "db2fa452206ebee18c4b5c2274dbf1de17008e874b4dc4f0aea9d01ca79e4526"
815d846
<  "potential_utf",
822,823c853,854
< name = "icu_locale_core"
< version = "2.1.1"
---
> name = "icu_locid"
> version = "1.5.0"
825c856
< checksum = "edba7861004dd3714265b4db54a3c390e880ab658fec5f7db895fae2046b5bb6"
---
> checksum = "13acbb8371917fc971be86fc8057c41a64b521c184808a698c02acc242dbf637"
834a866,885
> name = "icu_locid_transform"
> version = "1.5.0"
> source = "registry+https://github.com/rust-lang/crates.io-index"
> checksum = "01d11ac35de8e40fdeda00d9e1e9d92525f3f9d887cdd7aa81d727596788b54e"
> dependencies = [
>  "displaydoc",
>  "icu_locid",
>  "icu_locid_transform_data",
>  "icu_provider",
>  "tinystr",
>  "zerovec",
> ]
> 
> [[package]]
> name = "icu_locid_transform_data"
> version = "1.5.0"
> source = "registry+https://github.com/rust-lang/crates.io-index"
> checksum = "fdc8ff3388f852bede6b579ad4e978ab004f139284d7b28715f773507b946f6e"
> 
> [[package]]
836c887
< version = "2.1.1"
---
> version = "1.5.0"
838c889
< checksum = "5f6c8828b67bf8908d82127b2054ea1b4427ff0230ee9141c54251934ab1b599"
---
> checksum = "19ce3e0da2ec68599d193c93d088142efd7f9c5d6fc9b803774855747dc6a84f"
839a891
>  "displaydoc",
844a897,899
>  "utf16_iter",
>  "utf8_iter",
>  "write16",
850c905
< version = "2.1.1"
---
> version = "1.5.0"
852c907
< checksum = "7aedcccd01fc5fe81e6b489c15b247b8b0690feb23304303a9e560f37efc560a"
---
> checksum = "f8cafbf7aa791e9b22bec55a167906f9e1215fd475cd22adfcf660e03e989516"
856c911
< version = "2.1.1"
---
> version = "1.5.1"
858c913
< checksum = "e93fcd3157766c0c8da2f8cff6ce651a31f0810eaa1c51ec363ef790bbb5fb99"
---
> checksum = "93d6020766cfc6302c15dbbc9c8778c37e62c14427cb7f6e601d849e092aeef5"
859a915
>  "displaydoc",
861c917
<  "icu_locale_core",
---
>  "icu_locid_transform",
864c920
<  "zerotrie",
---
>  "tinystr",
870c926
< version = "2.1.1"
---
> version = "1.5.0"
872c928
< checksum = "02845b3647bb045f1100ecd6480ff52f34c35f82d9880e029d329c21d1054899"
---
> checksum = "67a8effbc3dd3e4ba1afa8ad918d5684b8868b3b26500753effea8d2eed19569"
876c932
< version = "2.1.1"
---
> version = "1.5.0"
878c934
< checksum = "85962cf0ce02e1e0a629cc34e7ca3e373ce20dda4c4d7294bbd0bf1fdb59e614"
---
> checksum = "6ed421c8a8ef78d3e2dbc98a973be2f3770cb42b606e3ab18d6237c4dfde68d9"
881c937,940
<  "icu_locale_core",
---
>  "icu_locid",
>  "icu_provider_macros",
>  "stable_deref_trait",
>  "tinystr",
885d943
<  "zerotrie",
890,891c948,949
< name = "ident_case"
< version = "1.0.1"
---
> name = "icu_provider_macros"
> version = "1.5.0"
893c951,962
< checksum = "b9e0384b61958566e926dc50660321d12159025e767c18e043daf26b70104c39"
---
> checksum = "1ec89e9337638ecdc08744df490b221a7399bf8d164eb52a665454e60e075ad6"
> dependencies = [
>  "proc-macro2",
>  "quote",
>  "syn",
> ]
> 
> [[package]]
> name = "id-arena"
> version = "2.2.1"
> source = "registry+https://github.com/rust-lang/crates.io-index"
> checksum = "25a2bc672d1148e28034f176e01fffebb08b35768468cc954630da77a1449005"
897c966
< version = "1.1.0"
---
> version = "1.0.3"
899c968
< checksum = "3b0875f23caa03898994f6ddc501886a45c7d3d62d04d2d90788d47be1b1e4de"
---
> checksum = "686f825264d630750a544639377bae737628043f20d38bbc029e8f29ea968a7e"
908c977
< version = "1.2.1"
---
> version = "1.2.0"
910c979
< checksum = "3acae9609540aa318d1bc588455225fb2085b9ed0c4f6bd0d9d5bcd86f1a0344"
---
> checksum = "daca1df1c957320b2cf139ac61e7bd64fed304c5040df000a745aa1de3b4ef71"
918c987
< version = "2.12.1"
---
> version = "2.7.1"
920c989
< checksum = "0ad4bb2b565bca0645f4d68c5c9af97fba094e9791da685bf83cb5f3ce74acf2"
---
> checksum = "8c9c992b02b5b4c94ea26e32fe5bccb7aa7d9f390ab5c1221ff895bc7ea8b652"
923c992
<  "hashbrown 0.16.1",
---
>  "hashbrown 0.15.2",
925d993
<  "serde_core",
930c998
< version = "2.0.7"
---
> version = "2.0.5"
932,935c1000
< checksum = "79cf5c93f93228cf8efb3ba362535fb11199ac548a09ce117c9b1adc3030d706"
< dependencies = [
<  "rustversion",
< ]
---
> checksum = "b248f5224d1d606005e02c97f5aa4e88eeb230488bcc03bc9ca4d7991399f2b5"
943c1008
<  "bitflags 2.10.0",
---
>  "bitflags 2.8.0",
959c1024
< version = "1.70.2"
---
> version = "1.70.1"
961c1026
< checksum = "a6cb138bb79a146c1bd460005623e142ef0181e3d0219cb493e02f7d08a35695"
---
> checksum = "7943c866cc5cd64cbc25b2e01621d07fa8eb2a1a23160ee81ce38704e97b8ecf"
965c1030
< version = "0.13.0"
---
> version = "0.12.1"
967c1032
< checksum = "413ee7dfc52ee1a4949ceeb7dbc8a33f2d6c088194d9f922fb8318faf1f01186"
---
> checksum = "ba291022dbbd398a455acf126c1e341954079855bc60dfdda641363bd6922569"
974c1039
< version = "0.14.0"
---
> version = "0.13.0"
976c1041
< checksum = "2b192c782037fadd9cfa75548310488aabdbf3d2da73885b31bd0abd03351285"
---
> checksum = "413ee7dfc52ee1a4949ceeb7dbc8a33f2d6c088194d9f922fb8318faf1f01186"
983c1048
< version = "1.0.15"
---
> version = "1.0.14"
985c1050
< checksum = "4a5f13b858c8d314ee3e8f639011f7ccefe71f97f96e50151fb991f267928e2c"
---
> checksum = "d75a2a4b1b190afb6f5425f10f6a8f959d2ea0b9c2b1d79553551850539e4674"
1009a1075,1083
> name = "jobserver"
> version = "0.1.32"
> source = "registry+https://github.com/rust-lang/crates.io-index"
> checksum = "48d1dbcbbeb6a7fec7e059840aa538bd62aaccf972c7346c4d9d2059312853d0"
> dependencies = [
>  "libc",
> ]
> 
> [[package]]
1011c1085
< version = "0.3.83"
---
> version = "0.3.77"
1013c1087
< checksum = "464a3709c7f55f1f721e5389aa6ea4e3bc6aba669353300af094b29ffbdde1d8"
---
> checksum = "1cfaf33c695fc6e08064efbc1f72ec937429614f25eef83af942d0e227c3a28f"
1021c1095
< version = "1.1.1"
---
> version = "1.0.8"
1023c1097
< checksum = "eac30106d7dce88daf4a3fcb4879ea939476d5074a9b7ddd0fb97fa4bed5596a"
---
> checksum = "7447f1ca1b7b563588a205fe93dea8df60fd981423a768bc1c0ded35ed147d0c"
1040,1041c1114,1115
< name = "leb128fmt"
< version = "0.1.0"
---
> name = "leb128"
> version = "0.2.5"
1043c1117
< checksum = "09edd9e8b54e49e587e4f6295a7d29c3ea94d469cb40ab8ca70b288248a81db2"
---
> checksum = "884e2677b40cc8c339eaefcb701c32ef1fd2493d71118dc0ca4b6a736c93bd67"
1047c1121
< version = "0.2.178"
---
> version = "0.2.175"
1049c1123
< checksum = "37c93d8daa9d8a012fd8ab92f088405fb202ea0b6ab73ee2482ae66af4f42091"
---
> checksum = "6a82ae493e598baaea5209805c49bbf2ea7de956d50d7da0da1164f9c6d28543"
1052,1053c1126,1127
< name = "libloading"
< version = "0.8.9"
---
> name = "libgit2-sys"
> version = "0.18.0+1.9.0"
1055c1129
< checksum = "d7c4b02199fee7c5d21a5ae7d8cfa79a6ef5bb2fc834d6e9058e89c825efdc55"
---
> checksum = "e1a117465e7e1597e8febea8bb0c410f1c7fb93b1e1cddf34363f8390367ffec"
1057,1058c1131,1136
<  "cfg-if",
<  "windows-link",
---
>  "cc",
>  "libc",
>  "libssh2-sys",
>  "libz-sys",
>  "openssl-sys",
>  "pkg-config",
1063c1141
< version = "0.9.0"
---
> version = "0.8.6"
1065c1143
< checksum = "754ca22de805bb5744484a5b151a9e1a8e837d5dc232c2d7d8c2e3492edc8b60"
---
> checksum = "fc2f4eb4bc735547cfed7c0a4922cbd04a4655978c09b54f1f7b228750664c34"
1068c1146
<  "windows-link",
---
>  "windows-targets 0.52.6",
1073c1151,1168
< version = "0.2.15"
---
> version = "0.2.11"
> source = "registry+https://github.com/rust-lang/crates.io-index"
> checksum = "8355be11b20d696c8f18f6cc018c4e372165b1fa8126cef092399c9951984ffa"
> 
> [[package]]
> name = "libredox"
> version = "0.1.3"
> source = "registry+https://github.com/rust-lang/crates.io-index"
> checksum = "c0ff37bd590ca25063e35af745c343cb7a0271906fb7b37e4813e8f79f00268d"
> dependencies = [
>  "bitflags 2.8.0",
>  "libc",
>  "redox_syscall",
> ]
> 
> [[package]]
> name = "libssh2-sys"
> version = "0.3.0"
1075c1170,1190
< checksum = "f9fbbcab51052fe104eb5e5d351cf728d30a5be1fe14d9be8a3b097481fb97de"
---
> checksum = "2dc8a030b787e2119a731f1951d6a773e2280c660f8ec4b0f5e1505a386e71ee"
> dependencies = [
>  "cc",
>  "libc",
>  "libz-sys",
>  "openssl-sys",
>  "pkg-config",
>  "vcpkg",
> ]
> 
> [[package]]
> name = "libz-sys"
> version = "1.1.21"
> source = "registry+https://github.com/rust-lang/crates.io-index"
> checksum = "df9b68e50e6e0b26f672573834882eb57759f6db9b3be2ea3c35c91188bb4eaa"
> dependencies = [
>  "cc",
>  "libc",
>  "pkg-config",
>  "vcpkg",
> ]
1084,1085c1199,1200
< name = "linux-raw-sys"
< version = "0.11.0"
---
> name = "litemap"
> version = "0.7.4"
1087c1202
< checksum = "df1d3c3b53da64cf5760482273a98e575c651a67eec7f77df96b5b642de8f039"
---
> checksum = "4ee93343901ab17bd981295f2cf0026d4ad018c7c31ba84549a4ddbb47a45104"
1090,1091c1205,1206
< name = "litemap"
< version = "0.8.1"
---
> name = "litrs"
> version = "0.4.1"
1093c1208
< checksum = "6373607a59f0be73a39b6fe456b8192fcc3585f602af20751600e974dd455e77"
---
> checksum = "b4ce301924b7887e9d637144fdade93f9dfff9b60981d4ac161db09720d39aa5"
1097c1212
< version = "0.4.29"
---
> version = "0.4.25"
1099c1214
< checksum = "5e5032e24019045c762d3c0f28f5b6b8bbf38563a65908389bf7978758920897"
---
> checksum = "04cbf5b083de1c7e0222a7a51dbfdba1cbe1c6ab0b15e29fff3f6c077fd9cd9f"
1103c1218
< version = "0.4.3"
---
> version = "0.4.2"
1105c1220
< checksum = "d640282b302c0bb0a2a8e0233ead9035e3bed871f0b7e81fe4a1ec829765db44"
---
> checksum = "19b955cdeb2a02b9117f121ce63aa52d08ade45de53e48fe6a38b39c10f6f709"
1112c1227
< version = "2.7.6"
---
> version = "2.7.4"
1114c1229
< checksum = "f52b00d39961fc5b2736ea853c9cc86238e165017a493d1d5c8eac6bdc4cc273"
---
> checksum = "78ca9ab1a0babb1e7d5695e3530886289c18cf2f87ec19a575a0abdce112e3a3"
1118c1233
< version = "0.6.5"
---
> version = "0.6.4"
1120c1235
< checksum = "ad38eb12aea514a0466ea40a80fd8cc83637065948eb4a426e4aa46261175227"
---
> checksum = "b2cffa4ad52c6f791f4f8b15f0c05f9824b2ced1160e88cc393d64fff9a8ac64"
1122c1237
<  "rustix 1.1.2",
---
>  "rustix",
1131a1247,1255
> name = "miniz_oxide"
> version = "0.8.3"
> source = "registry+https://github.com/rust-lang/crates.io-index"
> checksum = "b8402cab7aefae129c6977bb0ff1b8fd9a04eb5b51efc50a70bea51cda0c7924"
> dependencies = [
>  "adler2",
> ]
> 
> [[package]]
1133c1257
< version = "1.1.1"
---
> version = "1.0.3"
1135c1259
< checksum = "a69bcab0ad47271a0234d9422b131806bf3968021e5dc9328caf2d4cd58557fc"
---
> checksum = "2886843bf800fba2e3377cff24abf6379b4c4d5c6681eaf9ea5b0d15090450bd"
1140c1264
<  "windows-sys 0.61.2",
---
>  "windows-sys 0.52.0",
1151c1275
< version = "0.30.1"
---
> version = "0.29.0"
1153c1277
< checksum = "74523f3a35e05aba87a1d978330aef40f67b0304ac79c1c00b294c9830543db6"
---
> checksum = "71e2746dc3a24dd78b3cfcb7be93368c6de9963d30f43a6a73998a9cf4b17b46"
1155c1279
<  "bitflags 2.10.0",
---
>  "bitflags 2.8.0",
1173c1297
< version = "8.2.0"
---
> version = "8.0.0"
1175c1299
< checksum = "4d3d07927151ff8575b7087f245456e549fea62edf0ec4e565a5ee50c8402bc3"
---
> checksum = "2fee8403b3d66ac7b26aee6e40a897d85dc5ce26f44da36b8b73e987cc52e943"
1177c1301,1302
<  "bitflags 2.10.0",
---
>  "bitflags 2.8.0",
>  "filetime",
1186c1311
<  "windows-sys 0.60.2",
---
>  "windows-sys 0.59.0",
1191c1316
< version = "0.6.0"
---
> version = "0.5.0"
1193c1318
< checksum = "375bd3a138be7bfeff3480e4a623df4cbfb55b79df617c055cd810ba466fa078"
---
> checksum = "d2d88b1a7538054351c8258338df7c931a590513fb3745e8c15eb9ff4199b8d1"
1208a1334,1345
> name = "num-conv"
> version = "0.1.0"
> source = "registry+https://github.com/rust-lang/crates.io-index"
> checksum = "51d515d32fb182ee37cda2ccdcb92950d6a3c2893aa280e540671c2cd0f3b1d9"
> 
> [[package]]
> name = "objc-sys"
> version = "0.3.5"
> source = "registry+https://github.com/rust-lang/crates.io-index"
> checksum = "cdb91bdd390c7ce1a8607f35f3ca7151b65afc0ff5ff3b34fa350f7d7c7e4310"
> 
> [[package]]
1210c1347
< version = "0.6.3"
---
> version = "0.5.2"
1212c1349
< checksum = "b7c2599ce0ec54857b29ce62166b0ed9b4f6f1a70ccc9a71165b6154caca8c05"
---
> checksum = "46a785d4eeff09c14c487497c162e92766fbb3e4059a71840cecc03d9a50b804"
1213a1351
>  "objc-sys",
1225c1363
< version = "0.3.2"
---
> version = "0.2.2"
1227c1365
< checksum = "e3e0adef53c21f888deb4fa59fc59f7eb17404926ee8a6f59f5df0fd7f9f3272"
---
> checksum = "0ee638a5da3799329310ad4cfa62fbf045d5f56e3ef5ba4149e7452dcf89d5a8"
1229c1367,1369
<  "bitflags 2.10.0",
---
>  "bitflags 2.8.0",
>  "block2",
>  "libc",
1235,1243d1374
< version = "0.32.2"
< source = "registry+https://github.com/rust-lang/crates.io-index"
< checksum = "a6a622008b6e321afc04970976f62ee297fdbaa6f95318ca343e3eebb9648441"
< dependencies = [
<  "memchr",
< ]
< 
< [[package]]
< name = "object"
1249c1380
<  "hashbrown 0.15.5",
---
>  "hashbrown 0.15.2",
1256c1387
< version = "1.21.3"
---
> version = "1.20.2"
1258c1389
< checksum = "42f5e15c9953c5e4ccceeb2e7382a716482c34515315f7b03532b8b4e8393d2d"
---
> checksum = "1261fe7e33c73b354eab43b1273a57c8f967d0391e80353e51f764ac02cf6775"
1261,1268c1392,1393
< name = "once_cell_polyfill"
< version = "1.70.2"
< source = "registry+https://github.com/rust-lang/crates.io-index"
< checksum = "384b8ab6d37215f3c5301a95a4accb5d64aa607f1fcb26a11b5303878451b4fe"
< 
< [[package]]
< name = "pathdiff"
< version = "0.2.3"
---
> name = "openssl-probe"
> version = "0.1.6"
1270c1395
< checksum = "df94ce210e5bc13cb6651479fa48d14f601d9858cfe0467f43ae157023b938d3"
---
> checksum = "d05e27ee213611ffe7d6348b942e8f942b37114c00cc03cec254295a4a17852e"
1273,1274c1398,1399
< name = "percent-encoding"
< version = "2.3.2"
---
> name = "openssl-sys"
> version = "0.9.104"
1276c1401,1407
< checksum = "9b4f627cb1b25917193a259e49bdad08f671f8d9708acfd5fe0a8c1455d87220"
---
> checksum = "45abf306cbf99debc8195b66b7346498d7b10c210de50418b5ccd7ceba08c741"
> dependencies = [
>  "cc",
>  "libc",
>  "pkg-config",
>  "vcpkg",
> ]
1279,1280c1410,1411
< name = "phf"
< version = "0.13.1"
---
> name = "paste"
> version = "1.0.15"
1282,1286c1413
< checksum = "c1562dc717473dbaa4c1f85a36410e03c047b2e7df7f45ee938fbef64ae7fadf"
< dependencies = [
<  "phf_shared",
<  "serde",
< ]
---
> checksum = "57c0d7b74b563b49d38dae00a0c37d4d6de9b432382b2892f0574ddcae73fd0a"
1289,1290c1416,1417
< name = "phf_generator"
< version = "0.13.1"
---
> name = "path-slash"
> version = "0.2.1"
1292,1296c1419
< checksum = "135ace3a761e564ec88c03a77317a7c6b80bb7f7135ef2544dbe054243b89737"
< dependencies = [
<  "fastrand",
<  "phf_shared",
< ]
---
> checksum = "1e91099d4268b0e11973f036e885d652fb0b21fedcf69738c627f94db6a44f42"
1299,1300c1422,1423
< name = "phf_shared"
< version = "0.13.1"
---
> name = "percent-encoding"
> version = "2.3.1"
1302,1305c1425
< checksum = "e57fef6bc5981e38c2ce2d63bfa546861309f875b8a75f092d1d54ae2d64f266"
< dependencies = [
<  "siphasher",
< ]
---
> checksum = "e3148f5046208a5d56bcfc03053e3ca6334e51da8dfb19b6cdc8b306fae3283e"
1313a1434,1439
> name = "pkg-config"
> version = "0.3.31"
> source = "registry+https://github.com/rust-lang/crates.io-index"
> checksum = "953ec861398dccce10c670dfeaf3ec4911ca479e9c02154b3a215178c5f566f2"
> 
> [[package]]
1315c1441
< version = "1.1.3"
---
> version = "1.1.1"
1317c1443
< checksum = "6764c3b5dd454e283a30e6dfe78e9b31096d9e32036b5d1eaac7a6119ccb9a24"
---
> checksum = "170a2601f67cc9dba8edd8c4870b15f71a6a2dc196daec8c83f72b59dff628a8"
1326,1327c1452,1453
< name = "potential_utf"
< version = "0.1.4"
---
> name = "powerfmt"
> version = "0.2.0"
1329,1332c1455
< checksum = "b73949432f5e2a09657003c25bca5e19a0e9c84f8058ca374f49e0ebe605af77"
< dependencies = [
<  "zerovec",
< ]
---
> checksum = "439ee305def115ba05938db6eb1644ff94165c5ab5e9420d1c1bcedbba909391"
1336c1459
< version = "0.2.21"
---
> version = "0.2.20"
1338c1461
< checksum = "85eae3c4ed2f50dcfe72643da4befc30deadb458a9b590d720cde2f2b1e97da9"
---
> checksum = "77957b295656769bb8ad2b6a6b09d897d94f05c41b069aede1fcdaa675eaea04"
1340c1463
<  "zerocopy",
---
>  "zerocopy 0.7.35",
1355c1478
< version = "0.2.37"
---
> version = "0.2.29"
1357c1480
< checksum = "479ca8adacdd7ce8f1fb39ce9ecccbfe93a3f1344b3d0d97f20bc0196208f62b"
---
> checksum = "6924ced06e1f7dfe3fa48d57b9f74f55d8915f5036121bef647ef4b204895fac"
1364,1372d1486
< name = "proc-macro-crate"
< version = "3.4.0"
< source = "registry+https://github.com/rust-lang/crates.io-index"
< checksum = "219cb19e96be00ab2e37d6e299658a0cfa83e52429179969b0f0121b4ac46983"
< dependencies = [
<  "toml_edit",
< ]
< 
< [[package]]
1374c1488
< version = "1.0.103"
---
> version = "1.0.93"
1376c1490
< checksum = "5ee95bc4ef87b8d5ba32e8b7714ccc834865276eab0aed5c9958d00ec45f49e8"
---
> checksum = "60946a68e5f9d28b0dc1c21bb8a97ee7d018a8b322fa57838ba31cc878e22d99"
1383c1497
< version = "0.1.28"
---
> version = "0.1.24"
1385c1499
< checksum = "d11f2fedc3b7dafdc2851bc52f277377c5473d378859be234bc7ebb593144d01"
---
> checksum = "200b9ff220857e53e184257720a14553b2f4aa02577d2ed9842d45d4b9654810"
1387d1500
<  "ar_archive_writer",
1393c1506
< version = "33.0.2"
---
> version = "29.0.1"
1395c1508
< checksum = "986beaef947a51d17b42b0ea18ceaa88450d35b6994737065ed505c39172db71"
---
> checksum = "62d95f8575df49a2708398182f49a888cf9dc30210fb1fd2df87c889edcee75d"
1398a1512
>  "sptr",
1404c1518
< version = "1.0.42"
---
> version = "1.0.38"
1406c1520
< checksum = "a338cc41d27e6cc6dce6cefc13a0729dfbb81c262b1f519331575dd80ef3067f"
---
> checksum = "0e4dccaaaf89514f546c693ddc140f729f958c247918a13380cccc6078391acc"
1412,1417d1525
< name = "r-efi"
< version = "5.3.0"
< source = "registry+https://github.com/rust-lang/crates.io-index"
< checksum = "69cdb34c158ceb288df11e18b4bd39de994f6657d83847bdffdbd7f346754b0f"
< 
< [[package]]
1444c1552
<  "getrandom 0.2.16",
---
>  "getrandom",
1448,1449c1556,1557
< name = "ref-cast"
< version = "1.0.25"
---
> name = "redox_syscall"
> version = "0.5.8"
1451c1559
< checksum = "f354300ae66f76f1c85c5f84693f0ce81d747e2c3f21a45fef496d89c960bf7d"
---
> checksum = "03a862b389f93e68874fbf580b9de08dd02facb9a788ebadaf4a3fd33cf58834"
1453,1464c1561
<  "ref-cast-impl",
< ]
< 
< [[package]]
< name = "ref-cast-impl"
< version = "1.0.25"
< source = "registry+https://github.com/rust-lang/crates.io-index"
< checksum = "b7186006dcb21920990093f30e3dea63b7d6e977bf1256be20c3563a5db070da"
< dependencies = [
<  "proc-macro2",
<  "quote",
<  "syn",
---
>  "bitflags 2.8.0",
1469c1566
< version = "0.12.2"
---
> version = "0.11.2"
1471c1568
< checksum = "5216b1837de2149f8bc8e6d5f88a9326b63b8c836ed58ce4a0a29ec736a59734"
---
> checksum = "dc06e6b318142614e4a48bc725abbf08ff166694835c43c9dae5a9009704639a"
1475c1572
<  "hashbrown 0.15.5",
---
>  "hashbrown 0.15.2",
1483c1580
< version = "1.12.2"
---
> version = "1.11.1"
1485c1582
< checksum = "843bc0191f75f3e22651ae5f1e72939ab2f72a4bc30fa80a066bd66edefc24d4"
---
> checksum = "b544ef1b4eac5dc2db33ea63606ae9ffcfac26c1416a2806ae0bf5f56b201191"
1495c1592
< version = "0.4.13"
---
> version = "0.4.9"
1497c1594
< checksum = "5276caf25ac86c8d810222b3dbb938e512c55c6831a10f3e6ed1c93b84041f1c"
---
> checksum = "809e8dc61f6de73b46c85f4c96486310fe304c434cfa43669d7b40f711150908"
1506,1512c1603
< version = "0.8.8"
< source = "registry+https://github.com/rust-lang/crates.io-index"
< checksum = "7a2d987857b319362043e95f5353c0535c1f58eec5336fdfcf626430af7def58"
< 
< [[package]]
< name = "relative-path"
< version = "2.0.1"
---
> version = "0.8.5"
1514,1517c1605
< checksum = "bca40a312222d8ba74837cb474edef44b37f561da5f773981007a10bbaa992b0"
< dependencies = [
<  "serde",
< ]
---
> checksum = "2b15c43186be67a4fd63bee50d0303afffcef381492ebe2c5d87f324e1b8815c"
1521c1609
< version = "0.8.52"
---
> version = "0.8.50"
1523c1611
< checksum = "0c6a884d2998352bb4daf0183589aec883f16a6da1f4dde84d8e2e9a5409a1ce"
---
> checksum = "57397d16646700483b67d2dd6511d79318f9d057fdbd21a4066aeac8b41d310a"
1529,1530c1617,1618
< name = "rquickjs"
< version = "0.10.0"
---
> name = "ring"
> version = "0.17.13"
1532c1620
< checksum = "a135375fbac5ba723bb6a48f432a72f81539cedde422f0121a86c7c4e96d8e0d"
---
> checksum = "70ac5d832aa16abd7d1def883a8545280c20a60f523a370aa3a9617c2b8550ee"
1534,1575d1621
<  "rquickjs-core",
<  "rquickjs-macro",
< ]
< 
< [[package]]
< name = "rquickjs-core"
< version = "0.10.0"
< source = "registry+https://github.com/rust-lang/crates.io-index"
< checksum = "bccb7121a123865c8ace4dea42e7ed84d78b90cbaf4ca32c59849d8d210c9672"
< dependencies = [
<  "hashbrown 0.16.1",
<  "phf",
<  "relative-path",
<  "rquickjs-sys",
< ]
< 
< [[package]]
< name = "rquickjs-macro"
< version = "0.10.0"
< source = "registry+https://github.com/rust-lang/crates.io-index"
< checksum = "89f93602cc3112c7f30bf5f29e722784232138692c7df4c52ebbac7e035d900d"
< dependencies = [
<  "convert_case",
<  "fnv",
<  "ident_case",
<  "indexmap",
<  "phf_generator",
<  "phf_shared",
<  "proc-macro-crate",
<  "proc-macro2",
<  "quote",
<  "rquickjs-core",
<  "syn",
< ]
< 
< [[package]]
< name = "rquickjs-sys"
< version = "0.10.0"
< source = "registry+https://github.com/rust-lang/crates.io-index"
< checksum = "57b1b6528590d4d65dc86b5159eae2d0219709546644c66408b2441696d1d725"
< dependencies = [
<  "bindgen",
1576a1623,1627
>  "cfg-if",
>  "getrandom",
>  "libc",
>  "untrusted",
>  "windows-sys 0.52.0",
1581c1632
< version = "2.1.1"
---
> version = "2.1.0"
1583c1634
< checksum = "357703d41365b4b27c590e3ed91eabb1b663f07c4c084095e60cbed4362dff0d"
---
> checksum = "c7fb8039b3032c191086b10f11f319a6e99e1e82889c5cc6046f515c9db1d497"
1591c1642
<  "bitflags 2.10.0",
---
>  "bitflags 2.8.0",
1594c1645
<  "linux-raw-sys 0.4.15",
---
>  "linux-raw-sys",
1599,1600c1650,1651
< name = "rustix"
< version = "1.1.2"
---
> name = "rustls"
> version = "0.23.21"
1602c1653
< checksum = "cd15f8a2c5551a84d56efdc1cd049089e409ac19a3072d5037a17fd70719ff3e"
---
> checksum = "8f287924602bf649d949c63dc8ac8b235fa5387d394020705b80c4eb597ce5b8"
1604,1608c1655,1661
<  "bitflags 2.10.0",
<  "errno",
<  "libc",
<  "linux-raw-sys 0.11.0",
<  "windows-sys 0.61.2",
---
>  "log",
>  "once_cell",
>  "ring",
>  "rustls-pki-types",
>  "rustls-webpki",
>  "subtle",
>  "zeroize",
1612,1613c1665,1666
< name = "rustversion"
< version = "1.0.22"
---
> name = "rustls-pemfile"
> version = "2.2.0"
1615c1668,1671
< checksum = "b39cdef0fa800fc44525c84ccb54a029961a8215f9619753635a9c0d2538d46d"
---
> checksum = "dce314e5fee3f39953d46bb63bb8a46d40c2f8fb7cc5a3b6cab2bde9721d6e50"
> dependencies = [
>  "rustls-pki-types",
> ]
1618,1619c1674,1675
< name = "ryu"
< version = "1.0.20"
---
> name = "rustls-pki-types"
> version = "1.10.1"
1621c1677
< checksum = "28d3b2b1366ec20994f1fd18c3c594f05c5dd4bc44d8bb0c1c632c8d6829481f"
---
> checksum = "d2bf47e6ff922db3825eb750c4e2ff784c6ff8fb9e13046ef6a1d1c5401b0b37"
1624,1625c1680,1681
< name = "same-file"
< version = "1.0.6"
---
> name = "rustls-webpki"
> version = "0.102.8"
1627c1683
< checksum = "93fc1dc3aaa9bfed95e02e6eadabb4baf7e3078b0bd1b4d7b6b0b68378900502"
---
> checksum = "64ca1bc8749bd4cf37b5ce386cc146580777b4e8572c7b97baf22c83f444bee9"
1629c1685,1687
<  "winapi-util",
---
>  "ring",
>  "rustls-pki-types",
>  "untrusted",
1633,1634c1691,1692
< name = "schemars"
< version = "1.1.0"
---
> name = "ryu"
> version = "1.0.18"
1636,1643c1694
< checksum = "9558e172d4e8533736ba97870c4b2cd63f84b382a3d6eb063da41b91cce17289"
< dependencies = [
<  "dyn-clone",
<  "ref-cast",
<  "schemars_derive",
<  "serde",
<  "serde_json",
< ]
---
> checksum = "f3cb5ba0dc43242ce17de99c180e96db90b235b8a9fdc9543c96d2209116bd9f"
1646,1647c1697,1698
< name = "schemars_derive"
< version = "1.1.0"
---
> name = "same-file"
> version = "1.0.6"
1649c1700
< checksum = "301858a4023d78debd2353c7426dc486001bddc91ae31a76fb1f55132f7e2633"
---
> checksum = "93fc1dc3aaa9bfed95e02e6eadabb4baf7e3078b0bd1b4d7b6b0b68378900502"
1651,1654c1702
<  "proc-macro2",
<  "quote",
<  "serde_derive_internals",
<  "syn",
---
>  "winapi-util",
1659c1707
< version = "1.0.27"
---
> version = "1.0.25"
1661c1709
< checksum = "d767eb0aabc880b29956c35734170f26ed551a859dbd361d140cdbeca61ab1e2"
---
> checksum = "f79dfe2d285b0488816f30e700a7438c5a73d816b5b7d3ac72fbc48b0d185e03"
1664d1711
<  "serde_core",
1669c1716
< version = "1.0.228"
---
> version = "1.0.217"
1671,1681c1718
< checksum = "9a8e94ea7f378bd32cbbd37198a4a91436180c5bb472411e48b5ec2e2124ae9e"
< dependencies = [
<  "serde_core",
<  "serde_derive",
< ]
< 
< [[package]]
< name = "serde_core"
< version = "1.0.228"
< source = "registry+https://github.com/rust-lang/crates.io-index"
< checksum = "41d385c7d4ca58e59fc732af25c3983b67ac852c1a25000afe1175de458b67ad"
---
> checksum = "02fc4265df13d6fa1d00ecff087228cc0a2b5f3c0e87e258d8b94a156e984c70"
1688c1725
< version = "1.0.228"
---
> version = "1.0.217"
1690,1701c1727
< checksum = "d540f220d3187173da220f885ab66608367b6574e925011a9353e4badda91d79"
< dependencies = [
<  "proc-macro2",
<  "quote",
<  "syn",
< ]
< 
< [[package]]
< name = "serde_derive_internals"
< version = "0.29.1"
< source = "registry+https://github.com/rust-lang/crates.io-index"
< checksum = "18d26a20a969b9e3fdf2fc2d9f21eda6c40e2de84c9408bb5d3b05d499aae711"
---
> checksum = "5a9bf7cf98d04a2b28aead066b7496853d4779c9cc183c440dbac457641e19a0"
1710c1736
< version = "1.0.145"
---
> version = "1.0.137"
1712c1738
< checksum = "402a6f66d8c709116cf22f558eab210f5a50187f702eb4d7e5ef38d9a7f1c79c"
---
> checksum = "930cfb6e6abf99298aaad7d29abbef7a9999a9a8806a40088f55f0dcec03146b"
1719c1745,1753
<  "serde_core",
---
> ]
> 
> [[package]]
> name = "serde_spanned"
> version = "0.6.8"
> source = "registry+https://github.com/rust-lang/crates.io-index"
> checksum = "87607cb1398ed59d48732e575a4c28a7a8ebf2454b964fe3f224f2afc07909e1"
> dependencies = [
>  "serde",
1741,1746d1774
< name = "siphasher"
< version = "1.0.1"
< source = "registry+https://github.com/rust-lang/crates.io-index"
< checksum = "56199f7ddabf13fe5074ce809e7d3f42b42ae711800501b5b16ea82ad029c39d"
< 
< [[package]]
1748c1776
< version = "2.6.0"
---
> version = "2.5.3"
1750c1778
< checksum = "d31d263dd118560e1a492922182ab6ca6dc1d03a3bf54e7699993f31a4150e3f"
---
> checksum = "fcc3fc564a4b53fd1e8589628efafe57602d91bde78be18186b5f61e8faea470"
1754c1782
< version = "1.15.1"
---
> version = "1.13.2"
1756c1784
< checksum = "67b1b7a3b5fe4f1376887184045fcf45c69e92af734b7aaddc05fb777b6fbd03"
---
> checksum = "3c5e1a9a646d36c3599cd173a41282daf47c44583ad367b8e6837255952e5c67"
1769c1797
< version = "1.2.1"
---
> version = "1.2.0"
1771c1799
< checksum = "6ce2be8dc25455e1f91df71bfa12ad37d7af1092ae736f3a6cd0e37bc7810596"
---
> checksum = "a8f112729512f8e442d81f95a8a7ddf2b7c6b8a1a6f509a95864142b30cab2d3"
1785a1814,1819
> name = "subtle"
> version = "2.6.1"
> source = "registry+https://github.com/rust-lang/crates.io-index"
> checksum = "13c2bddecc57b384dee18652358fb23172facb8a2c51ccc10d74c157bdea3292"
> 
> [[package]]
1787c1821
< version = "2.0.111"
---
> version = "2.0.96"
1789c1823
< checksum = "390cc9a294ab71bdb1aa2e99d13be9c753cd2d7bd6560c77118597410c4d2e87"
---
> checksum = "d5d0adab1ae378d7f53bdebc67a39f1f151407ef230f0ce2883572f5d8985c80"
1798c1832
< version = "0.13.2"
---
> version = "0.13.1"
1800c1834
< checksum = "728a70f3dbaf5bab7f0c4b1ac8d7ae5ea60a4b5549c8a5914361c99147a709d2"
---
> checksum = "c8af7666ab7b6390ab78131fb5b0fce11d6b7a6951602017c35fa82800708971"
1809c1843
< version = "0.13.3"
---
> version = "0.13.1"
1811c1845
< checksum = "df7f62577c25e07834649fc3b39fafdc597c0a3527dc1c60129201ccfcbaa50c"
---
> checksum = "dc12939a1c9b9d391e0b7135f72fd30508b73450753e28341fed159317582a77"
1815c1849
< version = "3.23.0"
---
> version = "3.15.0"
1817c1851
< checksum = "2d31c77bdf42a745371d260a26ca7163f1e0924b64afa0b688e61b5a9fa02f16"
---
> checksum = "9a8a559c81686f576e8cd0290cd2a24a2a9ad80c98b3478856500fcbd7acd704"
1818a1853
>  "cfg-if",
1820c1855
<  "getrandom 0.3.4",
---
>  "getrandom",
1822,1823c1857,1858
<  "rustix 1.1.2",
<  "windows-sys 0.61.2",
---
>  "rustix",
>  "windows-sys 0.59.0",
1846c1881
< version = "2.0.17"
---
> version = "2.0.16"
1848c1883
< checksum = "f63587ca0f12b72a0600bcba1d40081f830876000bb46dd2337a3051618f4fc8"
---
> checksum = "3467d614147380f2e4e374161426ff399c91084acd2363eaf549172b3d5e60c0"
1850c1885
<  "thiserror-impl 2.0.17",
---
>  "thiserror-impl 2.0.16",
1866c1901
< version = "2.0.17"
---
> version = "2.0.16"
1868c1903
< checksum = "3ff15c8ecd7de3849db632e14d18d2571fa09dfc5ed93479bc4485c7a517c913"
---
> checksum = "6c5e1be1c48b9172ee610da68fd9cd2770e7a4056cb3fc98710ee6906f0c7960"
1877c1912
< version = "1.1.9"
---
> version = "1.1.8"
1879c1914
< checksum = "f60246a4944f24f6e018aa17cdeffb7818b76356965d03b07d6a9886e8962185"
---
> checksum = "8b9ef9bad013ada3808854ceac7b46812a6465ba368859a37e2100283d2d719c"
1881a1917,1948
>  "once_cell",
> ]
> 
> [[package]]
> name = "time"
> version = "0.3.37"
> source = "registry+https://github.com/rust-lang/crates.io-index"
> checksum = "35e7868883861bd0e56d9ac6efcaaca0d6d5d82a2a7ec8209ff492c07cf37b21"
> dependencies = [
>  "deranged",
>  "itoa",
>  "num-conv",
>  "powerfmt",
>  "serde",
>  "time-core",
>  "time-macros",
> ]
> 
> [[package]]
> name = "time-core"
> version = "0.1.2"
> source = "registry+https://github.com/rust-lang/crates.io-index"
> checksum = "ef927ca75afb808a4d64dd374f00a2adf8d0fcff8e7b184af886c3c87ec4a3f3"
> 
> [[package]]
> name = "time-macros"
> version = "0.2.19"
> source = "registry+https://github.com/rust-lang/crates.io-index"
> checksum = "2834e6017e3e5e4b9834939793b282bc03b37a3336245fa820e35e233e2a85de"
> dependencies = [
>  "num-conv",
>  "time-core",
1898c1965
< version = "0.8.2"
---
> version = "0.7.6"
1900c1967
< checksum = "42d3e9c45c09de15d06dd8acf5f4e0e399e85927b7f00711024eb7ae10fa4869"
---
> checksum = "9117f5d4db391c1cf6927e7bea3db74b9a1c1add8f7eda9ffd5364f40f57b82f"
1907,1908c1974,1975
< name = "toml_datetime"
< version = "0.7.3"
---
> name = "toml"
> version = "0.8.19"
1910c1977
< checksum = "f2cdb639ebbc97961c51720f858597f7f24c4fc295327923af55b74c3c724533"
---
> checksum = "a1ed1f98e3fdc28d6d910e6737ae6ab1a93bf1985935a1193e68f93eeb68d24e"
1912c1979,1982
<  "serde_core",
---
>  "serde",
>  "serde_spanned",
>  "toml_datetime",
>  "toml_edit",
1916,1917c1986,1987
< name = "toml_edit"
< version = "0.23.8"
---
> name = "toml_datetime"
> version = "0.6.8"
1919c1989
< checksum = "5a9b7ac41d92f2d2803f233e297127bac397df7b337e0460a1cc39d6c006dee4"
---
> checksum = "0dd7358ecb8fc2f8d014bf86f6f638ce72ba252a2c3a2572f2a795f1d23efb41"
1921,1924c1991
<  "indexmap",
<  "toml_datetime",
<  "toml_parser",
<  "winnow",
---
>  "serde",
1928,1929c1995,1996
< name = "toml_parser"
< version = "1.0.4"
---
> name = "toml_edit"
> version = "0.22.22"
1931c1998
< checksum = "c0cbe268d35bdb4bb5a56a2de88d0ad0eb70af5384a99d648cd4b3d04039800e"
---
> checksum = "4ae48d6208a266e853d946088ed816055e556cc6028c5e8e2b84d9fa5dd7c7f5"
1932a2000,2003
>  "indexmap",
>  "serde",
>  "serde_spanned",
>  "toml_datetime",
1944c2015
< version = "0.1.43"
---
> version = "0.1.41"
1946c2017
< checksum = "2d15d90a0b5c19378952d479dc858407149d7bb45a14de0142f6c534b16fc647"
---
> checksum = "784e0ac535deb450455cbfa28a6f0df145ea1bb7ae51b821cf5e7927fdcfbdd0"
1955c2026
< version = "0.1.31"
---
> version = "0.1.28"
1957c2028
< checksum = "7490cfa5ec963746568740651ac6781f701c9c5ea257c58e057f3ba8cf69e8da"
---
> checksum = "395ae124c09f9e6918a2310af6038fba074bcf474ac352496d5910dd59a2226d"
1966c2037
< version = "0.1.35"
---
> version = "0.1.33"
1968c2039
< checksum = "7a04e24fab5c89c6a36eb8558c9656f30d81de51dfa4d3b45f26b21d61fa0a6c"
---
> checksum = "e672c95779cf947c5311f83787af4fa8fffd12fb27e4993211a84bdfd9610f9c"
1975c2046
< version = "0.26.1"
---
> version = "0.25.10"
1989c2060
< version = "0.26.1"
---
> version = "0.25.10"
1998d2068
<  "crc32fast",
2002a2073
>  "filetime",
2005a2077
>  "indexmap",
2012c2084,2085
<  "schemars",
---
>  "regex-syntax",
>  "rustc-hash",
2014a2088
>  "serde_derive",
2016a2091
>  "smallbitvec",
2019d2093
<  "thiserror 2.0.17",
2020a2095
>  "topological-sort",
2028a2104
>  "url",
2030c2106
<  "wasmparser 0.243.0",
---
>  "wasmparser 0.224.0",
2037c2113
< version = "0.26.1"
---
> version = "0.25.10"
2038a2115
>  "anyhow",
2040d2116
<  "log",
2043d2118
<  "thiserror 2.0.17",
2048c2123
< version = "0.26.1"
---
> version = "0.25.10"
2050,2051c2125,2126
<  "bitflags 2.10.0",
<  "dunce",
---
>  "anyhow",
>  "heck",
2055d2129
<  "pathdiff",
2058d2131
<  "rquickjs",
2064,2065c2137
<  "tempfile",
<  "thiserror 2.0.17",
---
>  "thiserror 2.0.16",
2066a2139,2140
>  "tree-sitter",
>  "url",
2071c2145
< version = "0.26.1"
---
> version = "0.25.10"
2075c2149
<  "thiserror 2.0.17",
---
>  "thiserror 2.0.16",
2085c2159
< version = "0.26.1"
---
> version = "0.25.10"
2086a2161
>  "anyhow",
2091,2092c2166
<  "libloading 0.9.0",
<  "log",
---
>  "libloading",
2093a2168
>  "path-slash",
2099d2173
<  "thiserror 2.0.17",
2102a2177
>  "url",
2107c2182
< version = "0.26.1"
---
> version = "0.25.10"
2112c2187
<  "thiserror 2.0.17",
---
>  "thiserror 2.0.16",
2121a2197
>  "rand",
2127c2203
< version = "1.0.22"
---
> version = "1.0.15"
2129c2205
< checksum = "9312f7c4f6ff9069b165498234ce8be658059c6728633667c526e27dc2cf1df5"
---
> checksum = "11cd88e12b17c6494200a9c1b683a04fcac9573ed74cd1b62aeb2727c5592243"
2132,2133c2208,2209
< name = "unicode-segmentation"
< version = "1.12.0"
---
> name = "unicode-width"
> version = "0.2.0"
2135c2211
< checksum = "f6ccf251212114b54433ec949fd6a7841275f9ada20dddd2f29e9ceea4501493"
---
> checksum = "1fc81956842c57dac11422a97c3b8195a1ff727f06e85c84ed2e8aa277c9a0fd"
2138,2139c2214,2215
< name = "unicode-width"
< version = "0.2.2"
---
> name = "unicode-xid"
> version = "0.2.6"
2141c2217
< checksum = "b4ac048d71ede7ee76d585517add45da530660ef4390e49b098733c6e897f254"
---
> checksum = "ebc1c04c71510c7f702b52b7c350734c9ff1295c464a03335b00bb84fc54f853"
2144a2221,2255
> version = "0.2.3"
> source = "registry+https://github.com/rust-lang/crates.io-index"
> checksum = "c7de7d73e1754487cb58364ee906a499937a0dfabd86bcb980fa99ec8c8fa2ce"
> 
> [[package]]
> name = "untrusted"
> version = "0.9.0"
> source = "registry+https://github.com/rust-lang/crates.io-index"
> checksum = "8ecb6da28b8a351d773b68d5825ac39017e680750f980f3a1a85cd8dd28a47c1"
> 
> [[package]]
> name = "ureq"
> version = "3.0.0"
> source = "registry+https://github.com/rust-lang/crates.io-index"
> checksum = "e860613aec8c8643c53fb4a3ea3bed801ac09d982b75cb5a1c579e410ef043c2"
> dependencies = [
>  "base64",
>  "cc",
>  "cookie_store",
>  "flate2",
>  "log",
>  "once_cell",
>  "percent-encoding",
>  "rustls",
>  "rustls-pemfile",
>  "rustls-pki-types",
>  "serde",
>  "serde_json",
>  "ureq-proto",
>  "utf-8",
>  "webpki-roots",
> ]
> 
> [[package]]
> name = "ureq-proto"
2147c2258,2264
< checksum = "7264e107f553ccae879d21fbea1d6724ac785e8c3bfc762137959b5802826ef3"
---
> checksum = "319fa2a136b0a13deb093ce09407b39918ecceb68abfc688d9bf9353cf840b94"
> dependencies = [
>  "base64",
>  "http",
>  "httparse",
>  "log",
> ]
2151c2268
< version = "2.5.7"
---
> version = "2.5.4"
2153c2270
< checksum = "08bc136a29a3d1758e07a9cca267be308aeebf5cfd5a10f3f67ab2097683ef5b"
---
> checksum = "32f8b686cadd1473f4bd0117a5d28d36b1ade384ea9b5069a1c40aefed7fda60"
2161a2279,2290
> name = "utf-8"
> version = "0.7.6"
> source = "registry+https://github.com/rust-lang/crates.io-index"
> checksum = "09cc8ee72d2a9becf2f2febe0205bbed8fc6615b7cb429ad062dc7b7ddd036a9"
> 
> [[package]]
> name = "utf16_iter"
> version = "1.0.5"
> source = "registry+https://github.com/rust-lang/crates.io-index"
> checksum = "c8232dd3cdaed5356e0f716d285e4b40b932ac434100fe9b7e0e8e935b9e6246"
> 
> [[package]]
2163c2292
< version = "0.1.8"
---
> version = "0.1.7"
2165c2294
< checksum = "1292c0d970b54115d14f2492fe0170adf21d68a1de108eebc51c1df4f346a091"
---
> checksum = "86bd8d4e895da8537e5315b8254664e6b769c4ff3db18321b297a1e7004392e3"
2179a2309,2320
> name = "vcpkg"
> version = "0.2.15"
> source = "registry+https://github.com/rust-lang/crates.io-index"
> checksum = "accd4ea62f7bb7a82fe23066fb0957d48ef677f6eeb8215f372f52e48bb32426"
> 
> [[package]]
> name = "version_check"
> version = "0.9.5"
> source = "registry+https://github.com/rust-lang/crates.io-index"
> checksum = "0b928f33d975fc6ad9f86c8f283853ad26bdd5b10b7f1542aa2fa15e2289105a"
> 
> [[package]]
2191c2332
< version = "0.11.1+wasi-snapshot-preview1"
---
> version = "0.11.0+wasi-snapshot-preview1"
2193c2334
< checksum = "ccf3ec651a847eb01de73ccad15eb7d99f80485de043efb2f370cd654f4ea44b"
---
> checksum = "9c8d87e72b64a3b4db28d11ce29237c246188f4f51057d65a7eab63b7987e423"
2196,2197c2337,2338
< name = "wasip2"
< version = "1.0.1+wasi-0.2.4"
---
> name = "wasm-bindgen"
> version = "0.2.100"
2199c2340
< checksum = "0562428422c63773dad2c345a1882263bbf4d65cf3f42e90921f787ef5ad58e7"
---
> checksum = "1edc8929d7499fc4e8f0be2262a241556cfc54a0bea223790e71446f2aab1ef5"
2201c2342,2344
<  "wit-bindgen",
---
>  "cfg-if",
>  "once_cell",
>  "wasm-bindgen-macro",
2205,2206c2348,2349
< name = "wasm-bindgen"
< version = "0.2.106"
---
> name = "wasm-bindgen-backend"
> version = "0.2.100"
2208c2351
< checksum = "0d759f433fa64a2d763d1340820e46e111a7a5ab75f993d1852d70b03dbb80fd"
---
> checksum = "2f0a0651a5c2bc21487bde11ee802ccaf4c51935d0d3d42a6101f98161700bc6"
2210,2213c2353,2357
<  "cfg-if",
<  "once_cell",
<  "rustversion",
<  "wasm-bindgen-macro",
---
>  "bumpalo",
>  "log",
>  "proc-macro2",
>  "quote",
>  "syn",
2219c2363
< version = "0.2.106"
---
> version = "0.2.100"
2221c2365
< checksum = "48cb0d2638f8baedbc542ed444afc0644a29166f1595371af4fecf8ce1e7eeb3"
---
> checksum = "7fe63fc6d09ed3792bd0897b314f53de8e16568c2b3f7982f468c0bf9bd0b407"
2229c2373
< version = "0.2.106"
---
> version = "0.2.100"
2231c2375
< checksum = "cefb59d5cd5f92d9dcf80e4683949f15ca4b511f4ac0a6e14d4e1ac60c6ecd40"
---
> checksum = "8ae87ea40c9f689fc23f209965b6fb8a99ad69aeeb0231408be24920604395de"
2233d2376
<  "bumpalo",
2236a2380
>  "wasm-bindgen-backend",
2242c2386
< version = "0.2.106"
---
> version = "0.2.100"
2244c2388
< checksum = "cbc538057e648b67f72a982e708d485b2efa771e1ac05fec311f9f63e5800db4"
---
> checksum = "1a05d73b933a847d6cccdda8f838a22ff101ad9bf93e33684f39c1f5f0eece3d"
2251c2395
< version = "0.229.0"
---
> version = "0.221.3"
2253c2397
< checksum = "38ba1d491ecacb085a2552025c10a675a6fddcbd03b1fc9b36c536010ce265d2"
---
> checksum = "dc8444fe4920de80a4fe5ab564fff2ae58b6b73166b89751f8c6c93509da32e5"
2255,2256c2399,2400
<  "leb128fmt",
<  "wasmparser 0.229.0",
---
>  "leb128",
>  "wasmparser 0.221.3",
2261c2405
< version = "0.229.0"
---
> version = "0.221.3"
2263c2407
< checksum = "0cc3b1f053f5d41aa55640a1fa9b6d1b8a9e4418d118ce308d20e24ff3575a8c"
---
> checksum = "d06bfa36ab3ac2be0dee563380147a5b81ba10dd8885d7fbbc9eb574be67d185"
2265,2266c2409,2410
<  "bitflags 2.10.0",
<  "hashbrown 0.15.5",
---
>  "bitflags 2.8.0",
>  "hashbrown 0.15.2",
2274c2418
< version = "0.243.0"
---
> version = "0.224.0"
2276c2420
< checksum = "f6d8db401b0528ec316dfbe579e6ab4152d61739cfe076706d2009127970159d"
---
> checksum = "65881a664fdd43646b647bb27bf186ab09c05bf56779d40aed4c6dce47d423f5"
2278,2279c2422,2423
<  "bitflags 2.10.0",
<  "hashbrown 0.15.5",
---
>  "bitflags 2.8.0",
>  "hashbrown 0.15.2",
2287c2431
< version = "0.229.0"
---
> version = "0.221.3"
2289c2433
< checksum = "d25dac01892684a99b8fbfaf670eb6b56edea8a096438c75392daeb83156ae2e"
---
> checksum = "7343c42a97f2926c7819ff81b64012092ae954c5d83ddd30c9fcdefd97d0b283"
2293c2437
<  "wasmparser 0.229.0",
---
>  "wasmparser 0.221.3",
2298c2442
< version = "33.0.2"
---
> version = "29.0.1"
2300c2444
< checksum = "57373e1d8699662fb791270ac5dfac9da5c14f618ecf940cdb29dc3ad9472a3c"
---
> checksum = "11976a250672556d1c4c04c6d5d7656ac9192ac9edc42a4587d6c21460010e69"
2302d2445
<  "addr2line",
2304c2447
<  "bitflags 2.10.0",
---
>  "bitflags 2.8.0",
2308c2451
<  "hashbrown 0.15.5",
---
>  "hashbrown 0.14.5",
2314c2457
<  "object 0.36.7",
---
>  "object",
2315a2459
>  "paste",
2319c2463
<  "rustix 1.1.2",
---
>  "rustix",
2325c2469
<  "wasmparser 0.229.0",
---
>  "wasmparser 0.221.3",
2326a2471
>  "wasmtime-component-macro",
2340c2485
< version = "33.0.2"
---
> version = "29.0.1"
2342c2487
< checksum = "bd0fc91372865167a695dc98d0d6771799a388a7541d3f34e939d0539d6583de"
---
> checksum = "1f178b0d125201fbe9f75beaf849bd3e511891f9e45ba216a5b620802ccf64f2"
2349c2494
< version = "33.0.2"
---
> version = "29.0.1"
2351c2496
< checksum = "46db556f1dccdd88e0672bd407162ab0036b72e5eccb0f4398d8251cba32dba1"
---
> checksum = "ea30cef3608f2de5797c7bbb94c1ba4f3676d9a7f81ae86ced1b512e2766ed0c"
2362c2507
< version = "33.0.2"
---
> version = "29.0.1"
2364c2509
< checksum = "315cc6bc8cdc66f296accb26d7625ae64c1c7b6da6f189e8a72ce6594bf7bd36"
---
> checksum = "022a79ebe1124d5d384d82463d7e61c6b4dd857d81f15cb8078974eeb86db65b"
2370a2516,2536
> name = "wasmtime-component-macro"
> version = "29.0.1"
> source = "registry+https://github.com/rust-lang/crates.io-index"
> checksum = "d74de6592ed945d0a602f71243982a304d5d02f1e501b638addf57f42d57dfaf"
> dependencies = [
>  "anyhow",
>  "proc-macro2",
>  "quote",
>  "syn",
>  "wasmtime-component-util",
>  "wasmtime-wit-bindgen",
>  "wit-parser",
> ]
> 
> [[package]]
> name = "wasmtime-component-util"
> version = "29.0.1"
> source = "registry+https://github.com/rust-lang/crates.io-index"
> checksum = "707dc7b3c112ab5a366b30cfe2fb5b2f8e6a0f682f16df96a5ec582bfe6f056e"
> 
> [[package]]
2372c2538
< version = "33.0.2"
---
> version = "29.0.1"
2374c2540
< checksum = "b2bd72f0a6a0ffcc6a184ec86ac35c174e48ea0e97bbae277c8f15f8bf77a566"
---
> checksum = "366be722674d4bf153290fbcbc4d7d16895cc82fb3e869f8d550ff768f9e9e87"
2384c2550
<  "itertools 0.14.0",
---
>  "itertools 0.12.1",
2386,2387c2552
<  "object 0.36.7",
<  "pulley-interpreter",
---
>  "object",
2390,2391c2555,2556
<  "thiserror 2.0.17",
<  "wasmparser 0.229.0",
---
>  "thiserror 1.0.69",
>  "wasmparser 0.221.3",
2398c2563
< version = "33.0.2"
---
> version = "29.0.1"
2400c2565
< checksum = "e6187bb108a23eb25d2a92aa65d6c89fb5ed53433a319038a2558567f3011ff2"
---
> checksum = "cdadc1af7097347aa276a4f008929810f726b5b46946971c660b6d421e9994ad"
2408c2573
<  "object 0.36.7",
---
>  "object",
2415c2580
<  "wasmparser 0.229.0",
---
>  "wasmparser 0.221.3",
2421c2586
< version = "33.0.2"
---
> version = "29.0.1"
2423c2588
< checksum = "dc8965d2128c012329f390e24b8b2758dd93d01bf67e1a1a0dd3d8fd72f56873"
---
> checksum = "ccba90d4119f081bca91190485650730a617be1fff5228f8c4757ce133d21117"
2428c2593
<  "rustix 1.1.2",
---
>  "rustix",
2436c2601
< version = "33.0.2"
---
> version = "29.0.1"
2438c2603
< checksum = "7af0e940cb062a45c0b3f01a926f77da5947149e99beb4e3dd9846d5b8f11619"
---
> checksum = "ec5e8552e01692e6c2e5293171704fed8abdec79d1a6995a0870ab190e5747d1"
2448c2613
< version = "33.0.2"
---
> version = "29.0.1"
2450c2615
< checksum = "acfca360e719dda9a27e26944f2754ff2fd5bad88e21919c42c5a5f38ddd93cb"
---
> checksum = "29210ec2aa25e00f4d54605cedaf080f39ec01a872c5bd520ad04c67af1dde17"
2457c2622
< version = "33.0.2"
---
> version = "29.0.1"
2459c2624
< checksum = "48e240559cada55c4b24af979d5f6c95e0029f5772f32027ec3c62b258aaff65"
---
> checksum = "fcb5821a96fa04ac14bc7b158bb3d5cd7729a053db5a74dad396cd513a5e5ccf"
2463c2628
< version = "33.0.2"
---
> version = "29.0.1"
2465c2630
< checksum = "d0963c1438357a3d8c0efe152b4ef5259846c1cf8b864340270744fe5b3bae5e"
---
> checksum = "86ff86db216dc0240462de40c8290887a613dddf9685508eb39479037ba97b5b"
2474c2639
< version = "33.0.2"
---
> version = "29.0.1"
2476c2641
< checksum = "cbc3b117d03d6eeabfa005a880c5c22c06503bb8820f3aa2e30f0e8d87b6752f"
---
> checksum = "fdbabfb8f20502d5e1d81092b9ead3682ae59988487aafcd7567387b7a43cf8f"
2481c2646
<  "object 0.36.7",
---
>  "object",
2483c2648
<  "wasmparser 0.229.0",
---
>  "wasmparser 0.221.3",
2489a2655,2666
> name = "wasmtime-wit-bindgen"
> version = "29.0.1"
> source = "registry+https://github.com/rust-lang/crates.io-index"
> checksum = "8358319c2dd1e4db79e3c1c5d3a5af84956615343f9f89f4e4996a36816e06e6"
> dependencies = [
>  "anyhow",
>  "heck",
>  "indexmap",
>  "wit-parser",
> ]
> 
> [[package]]
2491c2668
< version = "0.3.83"
---
> version = "0.3.77"
2493c2670
< checksum = "9b32828d774c412041098d182a8b38b16ea816958e07cf40eec2bc080ae137ac"
---
> checksum = "33b6dd2ef9186f1f2072e409e99cd22a975331a6b3591b12c764e0e55c60d5d2"
2501c2678
< version = "1.0.6"
---
> version = "1.0.3"
2503c2680
< checksum = "00f1243ef785213e3a32fa0396093424a3a6ea566f9948497e5a2309261a4c97"
---
> checksum = "ea9fe1ebb156110ff855242c1101df158b822487e4957b0556d9ffce9db0f535"
2504a2682
>  "block2",
2505a2684
>  "home",
2515a2695,2703
> name = "webpki-roots"
> version = "0.26.7"
> source = "registry+https://github.com/rust-lang/crates.io-index"
> checksum = "5d642ff16b7e79272ae451b7322067cdc17cadf68c23264be9d94a32319efe7e"
> dependencies = [
>  "rustls-pki-types",
> ]
> 
> [[package]]
2517c2705
< version = "1.2.1"
---
> version = "1.1.0"
2519c2707
< checksum = "72069c3113ab32ab29e5584db3c6ec55d416895e60715417b5b883a357c3e471"
---
> checksum = "7219d36b6eac893fa81e84ebe06485e7dcbb616177469b142df14f1f4deb1311"
2523c2711
< version = "0.1.11"
---
> version = "0.1.9"
2525c2713
< checksum = "c2a7b1c03c876122aa43f3020e6c3c3ee5c05081c9a00739faf7503aeba10d22"
---
> checksum = "cf221c93e13a30d793f7645a0e7762c55d169dbb0a49671918a2319d289b10bb"
2527c2715
<  "windows-sys 0.61.2",
---
>  "windows-sys 0.59.0",
2532c2720
< version = "33.0.2"
---
> version = "29.0.1"
2534c2722
< checksum = "7914c296fbcef59d1b89a15e82384d34dc9669bc09763f2ef068a28dd3a64ebf"
---
> checksum = "2f849ef2c5f46cb0a20af4b4487aaa239846e52e2c03f13fa3c784684552859c"
2537d2724
<  "cranelift-assembler-x64",
2543,2544c2730,2731
<  "thiserror 2.0.17",
<  "wasmparser 0.229.0",
---
>  "thiserror 1.0.69",
>  "wasmparser 0.221.3",
2550,2555d2736
< name = "windows-link"
< version = "0.2.1"
< source = "registry+https://github.com/rust-lang/crates.io-index"
< checksum = "f0805222e57f7521d6a62e36fa9163bc891acd422f971defe97d64e70d0a4fe5"
< 
< [[package]]
2566c2747
< version = "0.52.0"
---
> version = "0.48.0"
2568c2749
< checksum = "282be5f36a8ce781fad8c8ae18fa3f9beff57ec1b52cb3de0789201425d9a33d"
---
> checksum = "677d2418bec65e3338edb076e806bc1ec15693c5d0104683f2efe857f61056a9"
2570c2751
<  "windows-targets 0.52.6",
---
>  "windows-targets 0.48.5",
2575c2756
< version = "0.59.0"
---
> version = "0.52.0"
2577c2758
< checksum = "1e38bc4d79ed67fd075bcc251a1c39b32a1776bbe92e5bef1f0bf1f8c531853b"
---
> checksum = "282be5f36a8ce781fad8c8ae18fa3f9beff57ec1b52cb3de0789201425d9a33d"
2584,2593c2765
< version = "0.60.2"
< source = "registry+https://github.com/rust-lang/crates.io-index"
< checksum = "f2f500e4d28234f72040990ec9d39e3a6b950f9f22d3dba18416c35882612bcb"
< dependencies = [
<  "windows-targets 0.53.5",
< ]
< 
< [[package]]
< name = "windows-sys"
< version = "0.61.2"
---
> version = "0.59.0"
2595c2767
< checksum = "ae137229bcbd6cdf0f7b80a31df61766145077ddf49416a728b02cb3921ff3fc"
---
> checksum = "1e38bc4d79ed67fd075bcc251a1c39b32a1776bbe92e5bef1f0bf1f8c531853b"
2597c2769
<  "windows-link",
---
>  "windows-targets 0.52.6",
2616a2789,2803
> version = "0.48.5"
> source = "registry+https://github.com/rust-lang/crates.io-index"
> checksum = "9a2fa6e2155d7247be68c096456083145c183cbbbc2764150dda45a87197940c"
> dependencies = [
>  "windows_aarch64_gnullvm 0.48.5",
>  "windows_aarch64_msvc 0.48.5",
>  "windows_i686_gnu 0.48.5",
>  "windows_i686_msvc 0.48.5",
>  "windows_x86_64_gnu 0.48.5",
>  "windows_x86_64_gnullvm 0.48.5",
>  "windows_x86_64_msvc 0.48.5",
> ]
> 
> [[package]]
> name = "windows-targets"
2624c2811
<  "windows_i686_gnullvm 0.52.6",
---
>  "windows_i686_gnullvm",
2632,2648d2818
< name = "windows-targets"
< version = "0.53.5"
< source = "registry+https://github.com/rust-lang/crates.io-index"
< checksum = "4945f9f551b88e0d65f3db0bc25c33b8acea4d9e41163edf90dcd0b19f9069f3"
< dependencies = [
<  "windows-link",
<  "windows_aarch64_gnullvm 0.53.1",
<  "windows_aarch64_msvc 0.53.1",
<  "windows_i686_gnu 0.53.1",
<  "windows_i686_gnullvm 0.53.1",
<  "windows_i686_msvc 0.53.1",
<  "windows_x86_64_gnu 0.53.1",
<  "windows_x86_64_gnullvm 0.53.1",
<  "windows_x86_64_msvc 0.53.1",
< ]
< 
< [[package]]
2656c2826
< version = "0.52.6"
---
> version = "0.48.5"
2658c2828
< checksum = "32a4622180e7a0ec044bb555404c800bc9fd9ec262ec147edd5989ccd0c02cd3"
---
> checksum = "2b38e32f0abccf9987a4e3079dfb67dcd799fb61361e53e2882c3cbaf0d905d8"
2662c2832
< version = "0.53.1"
---
> version = "0.52.6"
2664c2834
< checksum = "a9d8416fa8b42f5c947f8482c43e7d89e73a173cead56d044f6a56104a6d1b53"
---
> checksum = "32a4622180e7a0ec044bb555404c800bc9fd9ec262ec147edd5989ccd0c02cd3"
2674c2844
< version = "0.52.6"
---
> version = "0.48.5"
2676c2846
< checksum = "09ec2a7bb152e2252b53fa7803150007879548bc709c039df7627cabbd05d469"
---
> checksum = "dc35310971f3b2dbbf3f0690a219f40e2d9afcf64f9ab7cc1be722937c26b4bc"
2680c2850
< version = "0.53.1"
---
> version = "0.52.6"
2682c2852
< checksum = "b9d782e804c2f632e395708e99a94275910eb9100b2114651e04744e9b125006"
---
> checksum = "09ec2a7bb152e2252b53fa7803150007879548bc709c039df7627cabbd05d469"
2692c2862
< version = "0.52.6"
---
> version = "0.48.5"
2694c2864
< checksum = "8e9b5ad5ab802e97eb8e295ac6720e509ee4c243f69d781394014ebfe8bbfa0b"
---
> checksum = "a75915e7def60c94dcef72200b9a8e58e5091744960da64ec734a6c6e9b3743e"
2698c2868
< version = "0.53.1"
---
> version = "0.52.6"
2700c2870
< checksum = "960e6da069d81e09becb0ca57a65220ddff016ff2d6af6a223cf372a506593a3"
---
> checksum = "8e9b5ad5ab802e97eb8e295ac6720e509ee4c243f69d781394014ebfe8bbfa0b"
2709,2714d2878
< name = "windows_i686_gnullvm"
< version = "0.53.1"
< source = "registry+https://github.com/rust-lang/crates.io-index"
< checksum = "fa7359d10048f68ab8b09fa71c3daccfb0e9b559aed648a8f95469c27057180c"
< 
< [[package]]
2722c2886
< version = "0.52.6"
---
> version = "0.48.5"
2724c2888
< checksum = "240948bc05c5e7c6dabba28bf89d89ffce3e303022809e73deaefe4f6ec56c66"
---
> checksum = "8f55c233f70c4b27f66c523580f78f1004e8b5a8b659e05a4eb49d4166cca406"
2728c2892
< version = "0.53.1"
---
> version = "0.52.6"
2730c2894
< checksum = "1e7ac75179f18232fe9c285163565a57ef8d3c89254a30685b57d83a38d326c2"
---
> checksum = "240948bc05c5e7c6dabba28bf89d89ffce3e303022809e73deaefe4f6ec56c66"
2740c2904
< version = "0.52.6"
---
> version = "0.48.5"
2742c2906
< checksum = "147a5c80aabfbf0c7d901cb5895d1de30ef2907eb21fbbab29ca94c5b08b1a78"
---
> checksum = "53d40abd2583d23e4718fddf1ebec84dbff8381c07cae67ff7768bbf19c6718e"
2746c2910
< version = "0.53.1"
---
> version = "0.52.6"
2748c2912
< checksum = "9c3842cdd74a865a8066ab39c8a7a473c0778a3f29370b5fd6b4b9aa7df4a499"
---
> checksum = "147a5c80aabfbf0c7d901cb5895d1de30ef2907eb21fbbab29ca94c5b08b1a78"
2758c2922
< version = "0.52.6"
---
> version = "0.48.5"
2760c2924
< checksum = "24d5b23dc417412679681396f2b49f3de8c1473deb516bd34410872eff51ed0d"
---
> checksum = "0b7b52767868a23d5bab768e390dc5f5c55825b6d30b86c844ff2dc7414044cc"
2764c2928
< version = "0.53.1"
---
> version = "0.52.6"
2766c2930
< checksum = "0ffa179e2d07eee8ad8f57493436566c7cc30ac536a3379fdf008f47f6bb7ae1"
---
> checksum = "24d5b23dc417412679681396f2b49f3de8c1473deb516bd34410872eff51ed0d"
2776c2940
< version = "0.52.6"
---
> version = "0.48.5"
2778c2942
< checksum = "589f6da84c646204747d1270a2a5661ea66ed1cced2631d546fdfb155959f9ec"
---
> checksum = "ed94fce61571a4006852b7389a063ab983c02eb1bb37b47f8272ce92d06d9538"
2782c2946
< version = "0.53.1"
---
> version = "0.52.6"
2784c2948
< checksum = "d6bbff5f0aada427a1e5a6da5f1f98158182f26556f345ac9e04d36d0ebed650"
---
> checksum = "589f6da84c646204747d1270a2a5661ea66ed1cced2631d546fdfb155959f9ec"
2788c2952
< version = "0.7.14"
---
> version = "0.6.24"
2790c2954
< checksum = "5a5364e9d77fcdeeaa6062ced926ee3381faa2ee02d3eb83a5c27a8825540829"
---
> checksum = "c8d71a593cc5c42ad7876e2c1fda56f314f3754c084128833e64f1345ff8a03a"
2796,2797c2960,2961
< name = "wit-bindgen"
< version = "0.46.0"
---
> name = "wit-parser"
> version = "0.221.3"
2799c2963,2981
< checksum = "f17a85883d4e6d00e8a97c586de764dabcc06133f7f1d55dce5cdc070ad7fe59"
---
> checksum = "896112579ed56b4a538b07a3d16e562d101ff6265c46b515ce0c701eef16b2ac"
> dependencies = [
>  "anyhow",
>  "id-arena",
>  "indexmap",
>  "log",
>  "semver",
>  "serde",
>  "serde_derive",
>  "serde_json",
>  "unicode-xid",
>  "wasmparser 0.221.3",
> ]
> 
> [[package]]
> name = "write16"
> version = "1.0.0"
> source = "registry+https://github.com/rust-lang/crates.io-index"
> checksum = "d1890f4022759daae28ed4fe62859b1236caebfc61ede2f63ed4e695f3f6d936"
2803c2985
< version = "0.6.2"
---
> version = "0.5.5"
2805c2987
< checksum = "9edde0db4769d2dc68579893f2306b26c6ecfbe0ef499b013d731b7b9247e0b9"
---
> checksum = "1e9df38ee2d2c3c5948ea468a8406ff0db0b29ae1ffde1bcf20ef305bcc95c51"
2813a2996
>  "cc",
2815c2998
<  "etcetera",
---
>  "git2",
2820d3002
<  "schemars",
2821a3004
>  "serde",
2823,2824c3006,3007
<  "tree-sitter-cli",
<  "tree-sitter-loader",
---
>  "toml",
>  "ureq",
2835c3018
< version = "0.8.1"
---
> version = "0.7.5"
2837c3020
< checksum = "72d6e5c6afb84d73944e5cedb052c4680d5657337201555f9f2a16b7406d4954"
---
> checksum = "120e6aef9aa629e3d4f52dc8cc43a015c7724194c97dfaf45180d2daf2b77f40"
2838a3022
>  "serde",
2846c3030
< version = "0.8.1"
---
> version = "0.7.5"
2848c3032
< checksum = "b659052874eb698efe5b9e8cf382204678a0086ebf46982b79d6ca3182927e5d"
---
> checksum = "2380878cad4ac9aac1e2435f3eb4020e8374b5f13c296cb75b4620ff8e229154"
2858c3042,3061
< version = "0.8.31"
---
> version = "0.7.35"
> source = "registry+https://github.com/rust-lang/crates.io-index"
> checksum = "1b9b4fd18abc82b8136838da5d50bae7bdea537c574d8dc1a34ed098d6c166f0"
> dependencies = [
>  "byteorder",
>  "zerocopy-derive 0.7.35",
> ]
> 
> [[package]]
> name = "zerocopy"
> version = "0.8.27"
> source = "registry+https://github.com/rust-lang/crates.io-index"
> checksum = "0894878a5fa3edfd6da3f88c4805f4c8558e2b996227a3d864f47fe11e38282c"
> dependencies = [
>  "zerocopy-derive 0.8.27",
> ]
> 
> [[package]]
> name = "zerocopy-derive"
> version = "0.7.35"
2860c3063
< checksum = "fd74ec98b9250adb3ca554bdde269adf631549f51d8a8f8f0a10b50f1cb298c3"
---
> checksum = "fa4f8080344d4671fb4e831a13ad1e68092748387dfc4f55e356242fae12ce3e"
2862c3065,3067
<  "zerocopy-derive",
---
>  "proc-macro2",
>  "quote",
>  "syn",
2867c3072
< version = "0.8.31"
---
> version = "0.8.27"
2869c3074
< checksum = "d8a8d209fdf45cf5138cbb5a506f6b52522a25afccc534d1475dad8e31105c6a"
---
> checksum = "88d2b8d9c68ad2b9e4340d7832716a4d21a22a1154777ad56ea55c51a9cf3831"
2878c3083
< version = "0.1.6"
---
> version = "0.1.5"
2880c3085
< checksum = "50cc42e0333e05660c3587f3bf9d0478688e15d870fab3346451ce7f8c9fbea5"
---
> checksum = "cff3ee08c995dee1859d998dea82f7374f2826091dd9cd47def953cae446cd2e"
2887c3092
< version = "0.1.6"
---
> version = "0.1.5"
2889c3094
< checksum = "d71e5d6e06ab090c67b5e44993ec16b72dcbaabc526db883a360057678b48502"
---
> checksum = "595eed982f7d355beb85837f651fa22e90b3c044842dc7f2c2842c086f295808"
2899,2905c3104
< version = "1.8.2"
< source = "registry+https://github.com/rust-lang/crates.io-index"
< checksum = "b97154e67e32c85465826e8bcc1c59429aaaf107c1e4a9e53c8d8ccd5eff88d0"
< 
< [[package]]
< name = "zerotrie"
< version = "0.2.3"
---
> version = "1.8.1"
2907,2912c3106
< checksum = "2a59c17a5562d507e4b54960e8569ebee33bee890c70aa3fe7b97e85a9fd7851"
< dependencies = [
<  "displaydoc",
<  "yoke",
<  "zerofrom",
< ]
---
> checksum = "ced3678a2879b30306d323f4542626697a464a97c0a07c9aebf7ebca65cd4dde"
2916c3110
< version = "0.11.5"
---
> version = "0.10.4"
2918c3112
< checksum = "6c28719294829477f525be0186d13efa9a3c602f7ec202ca9e353d310fb9a002"
---
> checksum = "aa2b893d79df23bfb12d5461018d408ea19dfafe76c2c7ef6d4eba614f8ff079"
2927c3121
< version = "0.11.2"
---
> version = "0.10.3"
2929c3123
< checksum = "eadce39539ca5cb3985590102671f2567e659fca9666581ad3411d59207951f3"
---
> checksum = "6eafa6dfb17584ea3e2bd6e76e0cc15ad7af12b09abdd1ca55961bed9b1063c6"

ERROR: cargoHash or cargoSha256 is out of date

Cargo.lock is not the same in /nix/var/nix/builds/nix-12108-1486000787/tree-sitter-0.25.10-vendor

To fix the issue:
1. Set cargoHash/cargoSha256 to an empty string: `cargoHash = "";`
2. Build the derivation and wait for it to fail with a hash mismatch
3. Copy the "got: sha256-..." value back into the cargoHash field
   You should have: cargoHash = "sha256-XXXXXXXXXXXXXXXXXXXXXXXXXXXXXXXXXXXXXXXXXXX=";

